Component: ARM Compiler 5.06 update 6 (build 750) Tool: armlink [4d35ed]

==============================================================================

Section Cross References

    startup_lpc17xx.o(STACK) refers (Special) to heapauxi.o(.text) for __use_two_region_memory
    startup_lpc17xx.o(HEAP) refers (Special) to heapauxi.o(.text) for __use_two_region_memory
    startup_lpc17xx.o(RESET) refers (Special) to heapauxi.o(.text) for __use_two_region_memory
    startup_lpc17xx.o(RESET) refers to startup_lpc17xx.o(STACK) for __initial_sp
    startup_lpc17xx.o(RESET) refers to startup_lpc17xx.o(.text) for Reset_Handler
    startup_lpc17xx.o(RESET) refers to irq_timer.o(.text) for TIMER0_IRQHandler
    startup_lpc17xx.o(RESET) refers to irq_button.o(.text) for EINT0_IRQHandler
    startup_lpc17xx.o(RESET) refers to irq_adc.o(.text) for ADC_IRQHandler
    startup_lpc17xx.o(RESET) refers to irq_rit.o(.text) for RIT_IRQHandler
    startup_lpc17xx.o(.ARM.__at_0x02FC) refers (Special) to heapauxi.o(.text) for __use_two_region_memory
    startup_lpc17xx.o(.text) refers (Special) to heapauxi.o(.text) for __use_two_region_memory
    startup_lpc17xx.o(.text) refers to __main.o(!!!main) for __main
    startup_lpc17xx.o(.text) refers to startup_lpc17xx.o(HEAP) for Heap_Mem
    startup_lpc17xx.o(.text) refers to startup_lpc17xx.o(STACK) for Stack_Mem
    sample.o(.text) refers to system_lpc17xx.o(.text) for SystemInit
    sample.o(.text) refers to glcd.o(.text) for LCD_Initialization
    sample.o(.text) refers to touchpanel.o(.text) for TP_Init
    sample.o(.text) refers to lib_led.o(.text) for LED_init
    sample.o(.text) refers to lib_button.o(.text) for BUTTON_init
    sample.o(.text) refers to lib_joystick.o(.text) for joystick_init
    sample.o(.text) refers to lib_rit.o(.text) for init_RIT
    sample.o(.text) refers to lib_timer.o(.text) for init_timer
    sample.o(.text) refers to lib_adc.o(.text) for ADC_init
    sample.o(.text) refers to lib_dac.o(.text) for DAC_init
    system_lpc17xx.o(.text) refers to system_lpc17xx.o(.data) for SystemFrequency
    funct_led.o(.text) refers to funct_led.o(.constdata) for led_mask
    funct_led.o(.text) refers to lib_led.o(.data) for led_value
    lib_led.o(.text) refers to lib_led.o(.data) for led_value
    irq_button.o(.text) refers to funct_led.o(.text) for LED_On
    irq_button.o(.text) refers to lib_timer.o(.text) for disable_timer
    irq_button.o(.text) refers to feqf.o(x$fpl$feqf) for __aeabi_cfcmpeq
    irq_button.o(.text) refers to irq_rit.o(.data) for down
    irq_button.o(.text) refers to irq_timer.o(.data) for c0
    irq_button.o(.text) refers to irq_button.o(.data) for up
    irq_timer.o(.text) refers to feqf.o(x$fpl$feqf) for __aeabi_cfcmpeq
    irq_timer.o(.text) refers to lib_timer.o(.text) for disable_timer
    irq_timer.o(.text) refers to funct_led.o(.text) for LED_On
    irq_timer.o(.text) refers to dflt_clz.o(x$fpl$dfltu) for __aeabi_ui2d
    irq_timer.o(.text) refers to dmul.o(x$fpl$dmul) for __aeabi_dmul
    irq_timer.o(.text) refers to dfix.o(x$fpl$dfix) for __aeabi_d2iz
    irq_timer.o(.text) refers to lib_dac.o(.text) for DAC_convert
    irq_timer.o(.text) refers to touchpanel.o(.text) for Read_Ads7846
    irq_timer.o(.text) refers to glcd.o(.text) for LCD_Clear
    irq_timer.o(.text) refers to strcpy.o(.text) for strcpy
    irq_timer.o(.text) refers to irq_timer.o(.data) for c0
    irq_timer.o(.text) refers to irq_rit.o(.data) for pos
    irq_timer.o(.text) refers to irq_button.o(.data) for up
    irq_timer.o(.text) refers to irq_adc.o(.data) for tono
    irq_timer.o(.text) refers to touchpanel.o(.bss) for matrix
    irq_timer.o(.text) refers to touchpanel.o(.data) for display
    irq_timer.o(.text) refers to irq_adc.o(.bss) for msg
    irq_rit.o(.text) refers to funct_led.o(.text) for LED_Off
    irq_rit.o(.text) refers to lib_timer.o(.text) for disable_timer
    irq_rit.o(.text) refers to f2d.o(x$fpl$f2d) for __aeabi_f2d
    irq_rit.o(.text) refers to daddsub_clz.o(x$fpl$dadd) for __aeabi_dadd
    irq_rit.o(.text) refers to d2f.o(x$fpl$d2f) for __aeabi_d2f
    irq_rit.o(.text) refers to daddsub_clz.o(x$fpl$dsub) for __aeabi_dsub
    irq_rit.o(.text) refers to frleqf.o(x$fpl$frleqf) for __aeabi_cfrcmple
    irq_rit.o(.text) refers to fleqf.o(x$fpl$fleqf) for __aeabi_cfcmple
    irq_rit.o(.text) refers to feqf.o(x$fpl$feqf) for __aeabi_cfcmpeq
    irq_rit.o(.text) refers to lib_adc.o(.text) for ADC_start_conversion
    irq_rit.o(.text) refers to irq_rit.o(.data) for counter
    irq_rit.o(.text) refers to irq_timer.o(.data) for c0
    irq_rit.o(.text) refers to irq_button.o(.data) for up
    funct_joystick.o(.text) refers to funct_led.o(.text) for LED_Out
    irq_adc.o(.text) refers to strcpy.o(.text) for strcpy
    irq_adc.o(.text) refers to strlen.o(.text) for strlen
    irq_adc.o(.text) refers to glcd.o(.text) for LCD_ClearSection
    irq_adc.o(.text) refers to funct_led.o(.text) for LED_Out
    irq_adc.o(.text) refers to irq_adc.o(.data) for AD_current
    irq_adc.o(.text) refers to irq_adc.o(.constdata) for freqs
    irq_adc.o(.text) refers to irq_timer.o(.data) for tn
    irq_adc.o(.text) refers to irq_adc.o(.bss) for msg
    asciilib.o(.text) refers to rt_memcpy_v6.o(.text) for __aeabi_memcpy
    asciilib.o(.text) refers to asciilib.o(.constdata) for AsciiLib
    glcd.o(.text) refers to glcd.o(.data) for LCD_Code
    glcd.o(.text) refers to asciilib.o(.text) for GetASCIICode
    hzlib.o(.text) refers to rt_memcpy_v6.o(.text) for __aeabi_memcpy
    hzlib.o(.text) refers to hzlib.o(.constdata) for HzLib
    touchpanel.o(.text) refers to glcd.o(.text) for LCD_SetPoint
    touchpanel.o(.text) refers to rt_memclr_w.o(.text) for __aeabi_memclr4
    touchpanel.o(.text) refers to touchpanel.o(.data) for screen
    touchpanel.o(.text) refers to dflt_clz.o(x$fpl$dflt) for __aeabi_i2d
    touchpanel.o(.text) refers to deqf.o(x$fpl$deqf) for __aeabi_cdcmpeq
    touchpanel.o(.text) refers to dflt_clz.o(x$fpl$dfltu) for __aeabi_ui2d
    touchpanel.o(.text) refers to dmul.o(x$fpl$dmul) for __aeabi_dmul
    touchpanel.o(.text) refers to daddsub_clz.o(x$fpl$dadd) for __aeabi_dadd
    touchpanel.o(.text) refers to ddiv.o(x$fpl$ddiv) for __aeabi_ddiv
    touchpanel.o(.text) refers to dfixu.o(x$fpl$dfixu) for __aeabi_d2uiz
    touchpanel.o(.text) refers to touchpanel.o(.bss) for ScreenSample
    rt_memcpy_v6.o(.text) refers to rt_memcpy_w.o(.text) for __aeabi_memcpy4
    __main.o(!!!main) refers to __rtentry.o(.ARM.Collect$$rtentry$$00000000) for __rt_entry
    d2f.o(x$fpl$d2f) refers (Special) to usenofp.o(x$fpl$usenofp) for __I$use$fp
    d2f.o(x$fpl$d2f) refers to fretinf.o(x$fpl$fretinf) for __fpl_fretinf
    d2f.o(x$fpl$d2f) refers to dnaninf.o(x$fpl$dnaninf) for __fpl_dnaninf
    daddsub_clz.o(x$fpl$dadd) refers (Special) to usenofp.o(x$fpl$usenofp) for __I$use$fp
    daddsub_clz.o(x$fpl$dadd) refers to daddsub_clz.o(x$fpl$dsub) for _dsub1
    daddsub_clz.o(x$fpl$dadd) refers to dretinf.o(x$fpl$dretinf) for __fpl_dretinf
    daddsub_clz.o(x$fpl$dadd) refers to dnaninf.o(x$fpl$dnaninf) for __fpl_dnaninf
    daddsub_clz.o(x$fpl$drsb) refers (Special) to usenofp.o(x$fpl$usenofp) for __I$use$fp
    daddsub_clz.o(x$fpl$drsb) refers to daddsub_clz.o(x$fpl$dadd) for _dadd1
    daddsub_clz.o(x$fpl$drsb) refers to daddsub_clz.o(x$fpl$dsub) for _dsub1
    daddsub_clz.o(x$fpl$dsub) refers (Special) to usenofp.o(x$fpl$usenofp) for __I$use$fp
    daddsub_clz.o(x$fpl$dsub) refers to daddsub_clz.o(x$fpl$dadd) for _dadd1
    daddsub_clz.o(x$fpl$dsub) refers to dnaninf.o(x$fpl$dnaninf) for __fpl_dnaninf
    ddiv.o(x$fpl$drdiv) refers (Special) to usenofp.o(x$fpl$usenofp) for __I$use$fp
    ddiv.o(x$fpl$drdiv) refers to ddiv.o(x$fpl$ddiv) for ddiv_entry
    ddiv.o(x$fpl$ddiv) refers (Special) to usenofp.o(x$fpl$usenofp) for __I$use$fp
    ddiv.o(x$fpl$ddiv) refers to dretinf.o(x$fpl$dretinf) for __fpl_dretinf
    ddiv.o(x$fpl$ddiv) refers to dnaninf.o(x$fpl$dnaninf) for __fpl_dnaninf
    deqf.o(x$fpl$deqf) refers (Special) to usenofp.o(x$fpl$usenofp) for __I$use$fp
    deqf.o(x$fpl$deqf) refers to dnaninf.o(x$fpl$dnaninf) for __fpl_dnaninf
    deqf.o(x$fpl$deqf) refers to dcmpi.o(x$fpl$dcmpinf) for __fpl_dcmp_Inf
    dfix.o(x$fpl$dfix) refers (Special) to usenofp.o(x$fpl$usenofp) for __I$use$fp
    dfix.o(x$fpl$dfix) refers to dnaninf.o(x$fpl$dnaninf) for __fpl_dnaninf
    dfix.o(x$fpl$dfixr) refers (Special) to usenofp.o(x$fpl$usenofp) for __I$use$fp
    dfix.o(x$fpl$dfixr) refers to dnaninf.o(x$fpl$dnaninf) for __fpl_dnaninf
    dfixu.o(x$fpl$dfixu) refers (Special) to usenofp.o(x$fpl$usenofp) for __I$use$fp
    dfixu.o(x$fpl$dfixu) refers to dnaninf.o(x$fpl$dnaninf) for __fpl_dnaninf
    dfixu.o(x$fpl$dfixur) refers (Special) to usenofp.o(x$fpl$usenofp) for __I$use$fp
    dfixu.o(x$fpl$dfixur) refers to dnaninf.o(x$fpl$dnaninf) for __fpl_dnaninf
    dflt_clz.o(x$fpl$dfltu) refers (Special) to usenofp.o(x$fpl$usenofp) for __I$use$fp
    dflt_clz.o(x$fpl$dflt) refers (Special) to usenofp.o(x$fpl$usenofp) for __I$use$fp
    dflt_clz.o(x$fpl$dfltn) refers (Special) to usenofp.o(x$fpl$usenofp) for __I$use$fp
    dmul.o(x$fpl$dmul) refers (Special) to usenofp.o(x$fpl$usenofp) for __I$use$fp
    dmul.o(x$fpl$dmul) refers to dretinf.o(x$fpl$dretinf) for __fpl_dretinf
    dmul.o(x$fpl$dmul) refers to dnaninf.o(x$fpl$dnaninf) for __fpl_dnaninf
    f2d.o(x$fpl$f2d) refers (Special) to usenofp.o(x$fpl$usenofp) for __I$use$fp
    f2d.o(x$fpl$f2d) refers to fnaninf.o(x$fpl$fnaninf) for __fpl_fnaninf
    f2d.o(x$fpl$f2d) refers to dretinf.o(x$fpl$dretinf) for __fpl_dretinf
    feqf.o(x$fpl$feqf) refers (Special) to usenofp.o(x$fpl$usenofp) for __I$use$fp
    feqf.o(x$fpl$feqf) refers to fnaninf.o(x$fpl$fnaninf) for __fpl_fnaninf
    feqf.o(x$fpl$feqf) refers to fcmpi.o(x$fpl$fcmpinf) for __fpl_fcmp_Inf
    fleqf.o(x$fpl$fleqf) refers (Special) to usenofp.o(x$fpl$usenofp) for __I$use$fp
    fleqf.o(x$fpl$fleqf) refers to fnaninf.o(x$fpl$fnaninf) for __fpl_fnaninf
    fleqf.o(x$fpl$fleqf) refers to fcmpi.o(x$fpl$fcmpinf) for __fpl_fcmp_Inf
    frleqf.o(x$fpl$frleqf) refers (Special) to usenofp.o(x$fpl$usenofp) for __I$use$fp
    frleqf.o(x$fpl$frleqf) refers to fleqf.o(x$fpl$fleqf) for __fpl_fcmple_InfNaN
    __rtentry.o(.ARM.Collect$$rtentry$$00000000) refers (Special) to __rtentry2.o(.ARM.Collect$$rtentry$$0000000A) for __rt_entry_li
    __rtentry.o(.ARM.Collect$$rtentry$$00000000) refers (Special) to __rtentry2.o(.ARM.Collect$$rtentry$$0000000D) for __rt_entry_main
    __rtentry.o(.ARM.Collect$$rtentry$$00000000) refers (Special) to __rtentry2.o(.ARM.Collect$$rtentry$$0000000C) for __rt_entry_postli_1
    __rtentry.o(.ARM.Collect$$rtentry$$00000000) refers (Special) to __rtentry2.o(.ARM.Collect$$rtentry$$00000009) for __rt_entry_postsh_1
    __rtentry.o(.ARM.Collect$$rtentry$$00000000) refers (Special) to __rtentry2.o(.ARM.Collect$$rtentry$$00000002) for __rt_entry_presh_1
    __rtentry.o(.ARM.Collect$$rtentry$$00000000) refers (Special) to __rtentry4.o(.ARM.Collect$$rtentry$$00000004) for __rt_entry_sh
    dcmpi.o(x$fpl$dcmpinf) refers (Special) to usenofp.o(x$fpl$usenofp) for __I$use$fp
    dnaninf.o(x$fpl$dnaninf) refers (Special) to usenofp.o(x$fpl$usenofp) for __I$use$fp
    dretinf.o(x$fpl$dretinf) refers (Special) to usenofp.o(x$fpl$usenofp) for __I$use$fp
    fcmpi.o(x$fpl$fcmpinf) refers (Special) to usenofp.o(x$fpl$usenofp) for __I$use$fp
    fnaninf.o(x$fpl$fnaninf) refers (Special) to usenofp.o(x$fpl$usenofp) for __I$use$fp
    fretinf.o(x$fpl$fretinf) refers (Special) to usenofp.o(x$fpl$usenofp) for __I$use$fp
    __rtentry2.o(.ARM.Collect$$rtentry$$00000008) refers to boardinit2.o(.text) for _platform_post_stackheap_init
    __rtentry2.o(.ARM.Collect$$rtentry$$0000000A) refers to libinit.o(.ARM.Collect$$libinit$$00000000) for __rt_lib_init
    __rtentry2.o(.ARM.Collect$$rtentry$$0000000B) refers to boardinit3.o(.text) for _platform_post_lib_init
    __rtentry2.o(.ARM.Collect$$rtentry$$0000000D) refers to sample.o(.text) for main
    __rtentry2.o(.ARM.Collect$$rtentry$$0000000D) refers to exit.o(.text) for exit
    __rtentry2.o(.ARM.exidx) refers to __rtentry2.o(.ARM.Collect$$rtentry$$00000001) for .ARM.Collect$$rtentry$$00000001
    __rtentry2.o(.ARM.exidx) refers to __rtentry2.o(.ARM.Collect$$rtentry$$00000008) for .ARM.Collect$$rtentry$$00000008
    __rtentry2.o(.ARM.exidx) refers to __rtentry2.o(.ARM.Collect$$rtentry$$0000000A) for .ARM.Collect$$rtentry$$0000000A
    __rtentry2.o(.ARM.exidx) refers to __rtentry2.o(.ARM.Collect$$rtentry$$0000000B) for .ARM.Collect$$rtentry$$0000000B
    __rtentry2.o(.ARM.exidx) refers to __rtentry2.o(.ARM.Collect$$rtentry$$0000000D) for .ARM.Collect$$rtentry$$0000000D
    __rtentry4.o(.ARM.Collect$$rtentry$$00000004) refers to sys_stackheap_outer.o(.text) for __user_setup_stackheap
    __rtentry4.o(.ARM.exidx) refers to __rtentry4.o(.ARM.Collect$$rtentry$$00000004) for .ARM.Collect$$rtentry$$00000004
    sys_stackheap_outer.o(.text) refers to libspace.o(.text) for __user_perproc_libspace
    sys_stackheap_outer.o(.text) refers to startup_lpc17xx.o(.text) for __user_initial_stackheap
    exit.o(.text) refers to rtexit.o(.ARM.Collect$$rtexit$$00000000) for __rt_exit
    libinit.o(.ARM.Collect$$libinit$$00000000) refers (Special) to libinit2.o(.ARM.Collect$$libinit$$0000002E) for __rt_lib_init_alloca_1
    libinit.o(.ARM.Collect$$libinit$$00000000) refers (Special) to libinit2.o(.ARM.Collect$$libinit$$0000002C) for __rt_lib_init_argv_1
    libinit.o(.ARM.Collect$$libinit$$00000000) refers (Special) to libinit2.o(.ARM.Collect$$libinit$$0000001B) for __rt_lib_init_atexit_1
    libinit.o(.ARM.Collect$$libinit$$00000000) refers (Special) to libinit2.o(.ARM.Collect$$libinit$$00000021) for __rt_lib_init_clock_1
    libinit.o(.ARM.Collect$$libinit$$00000000) refers (Special) to libinit2.o(.ARM.Collect$$libinit$$00000032) for __rt_lib_init_cpp_1
    libinit.o(.ARM.Collect$$libinit$$00000000) refers (Special) to libinit2.o(.ARM.Collect$$libinit$$00000030) for __rt_lib_init_exceptions_1
    libinit.o(.ARM.Collect$$libinit$$00000000) refers (Special) to libinit2.o(.ARM.Collect$$libinit$$00000002) for __rt_lib_init_fp_1
    libinit.o(.ARM.Collect$$libinit$$00000000) refers (Special) to libinit2.o(.ARM.Collect$$libinit$$0000001F) for __rt_lib_init_fp_trap_1
    libinit.o(.ARM.Collect$$libinit$$00000000) refers (Special) to libinit2.o(.ARM.Collect$$libinit$$00000023) for __rt_lib_init_getenv_1
    libinit.o(.ARM.Collect$$libinit$$00000000) refers (Special) to libinit2.o(.ARM.Collect$$libinit$$0000000A) for __rt_lib_init_heap_1
    libinit.o(.ARM.Collect$$libinit$$00000000) refers (Special) to libinit2.o(.ARM.Collect$$libinit$$00000011) for __rt_lib_init_lc_collate_1
    libinit.o(.ARM.Collect$$libinit$$00000000) refers (Special) to libinit2.o(.ARM.Collect$$libinit$$00000013) for __rt_lib_init_lc_ctype_1
    libinit.o(.ARM.Collect$$libinit$$00000000) refers (Special) to libinit2.o(.ARM.Collect$$libinit$$00000015) for __rt_lib_init_lc_monetary_1
    libinit.o(.ARM.Collect$$libinit$$00000000) refers (Special) to libinit2.o(.ARM.Collect$$libinit$$00000017) for __rt_lib_init_lc_numeric_1
    libinit.o(.ARM.Collect$$libinit$$00000000) refers (Special) to libinit2.o(.ARM.Collect$$libinit$$00000019) for __rt_lib_init_lc_time_1
    libinit.o(.ARM.Collect$$libinit$$00000000) refers (Special) to libinit2.o(.ARM.Collect$$libinit$$00000004) for __rt_lib_init_preinit_1
    libinit.o(.ARM.Collect$$libinit$$00000000) refers (Special) to libinit2.o(.ARM.Collect$$libinit$$0000000E) for __rt_lib_init_rand_1
    libinit.o(.ARM.Collect$$libinit$$00000000) refers (Special) to libinit2.o(.ARM.Collect$$libinit$$00000033) for __rt_lib_init_return
    libinit.o(.ARM.Collect$$libinit$$00000000) refers (Special) to libinit2.o(.ARM.Collect$$libinit$$0000001D) for __rt_lib_init_signal_1
    libinit.o(.ARM.Collect$$libinit$$00000000) refers (Special) to libinit2.o(.ARM.Collect$$libinit$$00000025) for __rt_lib_init_stdio_1
    libinit.o(.ARM.Collect$$libinit$$00000000) refers (Special) to libinit2.o(.ARM.Collect$$libinit$$0000000C) for __rt_lib_init_user_alloc_1
    libspace.o(.text) refers to libspace.o(.bss) for __libspace_start
    rtexit.o(.ARM.Collect$$rtexit$$00000000) refers (Special) to rtexit2.o(.ARM.Collect$$rtexit$$00000004) for __rt_exit_exit
    rtexit.o(.ARM.Collect$$rtexit$$00000000) refers (Special) to rtexit2.o(.ARM.Collect$$rtexit$$00000003) for __rt_exit_ls
    rtexit.o(.ARM.Collect$$rtexit$$00000000) refers (Special) to rtexit2.o(.ARM.Collect$$rtexit$$00000002) for __rt_exit_prels_1
    rtexit.o(.ARM.exidx) refers (Special) to rtexit2.o(.ARM.Collect$$rtexit$$00000004) for __rt_exit_exit
    rtexit.o(.ARM.exidx) refers (Special) to rtexit2.o(.ARM.Collect$$rtexit$$00000003) for __rt_exit_ls
    rtexit.o(.ARM.exidx) refers (Special) to rtexit2.o(.ARM.Collect$$rtexit$$00000002) for __rt_exit_prels_1
    rtexit.o(.ARM.exidx) refers to rtexit.o(.ARM.Collect$$rtexit$$00000000) for .ARM.Collect$$rtexit$$00000000
    libinit2.o(.ARM.Collect$$libinit$$00000010) refers to libinit2.o(.ARM.Collect$$libinit$$0000000F) for .ARM.Collect$$libinit$$0000000F
    libinit2.o(.ARM.Collect$$libinit$$00000012) refers to libinit2.o(.ARM.Collect$$libinit$$0000000F) for .ARM.Collect$$libinit$$0000000F
    libinit2.o(.ARM.Collect$$libinit$$00000014) refers to libinit2.o(.ARM.Collect$$libinit$$0000000F) for .ARM.Collect$$libinit$$0000000F
    libinit2.o(.ARM.Collect$$libinit$$00000016) refers to libinit2.o(.ARM.Collect$$libinit$$0000000F) for .ARM.Collect$$libinit$$0000000F
    libinit2.o(.ARM.Collect$$libinit$$00000018) refers to libinit2.o(.ARM.Collect$$libinit$$0000000F) for .ARM.Collect$$libinit$$0000000F
    libinit2.o(.ARM.Collect$$libinit$$00000026) refers to argv_veneer.o(.emb_text) for __ARM_argv_veneer
    libinit2.o(.ARM.Collect$$libinit$$00000027) refers to argv_veneer.o(.emb_text) for __ARM_argv_veneer
    rtexit2.o(.ARM.Collect$$rtexit$$00000003) refers to libshutdown.o(.ARM.Collect$$libshutdown$$00000000) for __rt_lib_shutdown
    rtexit2.o(.ARM.Collect$$rtexit$$00000004) refers to sys_exit.o(.text) for _sys_exit
    rtexit2.o(.ARM.exidx) refers to rtexit2.o(.ARM.Collect$$rtexit$$00000001) for .ARM.Collect$$rtexit$$00000001
    rtexit2.o(.ARM.exidx) refers to rtexit2.o(.ARM.Collect$$rtexit$$00000003) for .ARM.Collect$$rtexit$$00000003
    rtexit2.o(.ARM.exidx) refers to rtexit2.o(.ARM.Collect$$rtexit$$00000004) for .ARM.Collect$$rtexit$$00000004
    argv_veneer.o(.emb_text) refers to no_argv.o(.text) for __ARM_get_argv
    sys_exit.o(.text) refers (Special) to use_no_semi.o(.text) for __I$use$semihosting
    sys_exit.o(.text) refers (Special) to indicate_semi.o(.text) for __semihosting_library_function
    _get_argv_nomalloc.o(.text) refers (Special) to hrguard.o(.text) for __heap_region$guard
    _get_argv_nomalloc.o(.text) refers to defsig_rtmem_outer.o(.text) for __rt_SIGRTMEM
    _get_argv_nomalloc.o(.text) refers to sys_command.o(.text) for _sys_command_string
    libshutdown.o(.ARM.Collect$$libshutdown$$00000000) refers (Special) to libshutdown2.o(.ARM.Collect$$libshutdown$$00000002) for __rt_lib_shutdown_cpp_1
    libshutdown.o(.ARM.Collect$$libshutdown$$00000000) refers (Special) to libshutdown2.o(.ARM.Collect$$libshutdown$$00000007) for __rt_lib_shutdown_fp_trap_1
    libshutdown.o(.ARM.Collect$$libshutdown$$00000000) refers (Special) to libshutdown2.o(.ARM.Collect$$libshutdown$$0000000F) for __rt_lib_shutdown_heap_1
    libshutdown.o(.ARM.Collect$$libshutdown$$00000000) refers (Special) to libshutdown2.o(.ARM.Collect$$libshutdown$$00000010) for __rt_lib_shutdown_return
    libshutdown.o(.ARM.Collect$$libshutdown$$00000000) refers (Special) to libshutdown2.o(.ARM.Collect$$libshutdown$$0000000A) for __rt_lib_shutdown_signal_1
    libshutdown.o(.ARM.Collect$$libshutdown$$00000000) refers (Special) to libshutdown2.o(.ARM.Collect$$libshutdown$$00000004) for __rt_lib_shutdown_stdio_1
    libshutdown.o(.ARM.Collect$$libshutdown$$00000000) refers (Special) to libshutdown2.o(.ARM.Collect$$libshutdown$$0000000C) for __rt_lib_shutdown_user_alloc_1
    sys_command.o(.text) refers (Special) to use_no_semi.o(.text) for __I$use$semihosting
    sys_command.o(.text) refers (Special) to indicate_semi.o(.text) for __semihosting_library_function
    defsig_rtmem_outer.o(.text) refers to defsig_rtmem_inner.o(.text) for __rt_SIGRTMEM_inner
    defsig_rtmem_outer.o(.text) refers to defsig_exit.o(.text) for __sig_exit
    defsig_rtmem_formal.o(.text) refers to rt_raise.o(.text) for __rt_raise
    rt_raise.o(.text) refers to __raise.o(.text) for __raise
    rt_raise.o(.text) refers to sys_exit.o(.text) for _sys_exit
    defsig_exit.o(.text) refers to sys_exit.o(.text) for _sys_exit
    defsig_rtmem_inner.o(.text) refers to defsig_general.o(.text) for __default_signal_display
    __raise.o(.text) refers to defsig.o(CL$$defsig) for __default_signal_handler
    defsig_general.o(.text) refers to sys_wrch.o(.text) for _ttywrch
    sys_wrch.o(.text) refers (Special) to use_no_semi.o(.text) for __I$use$semihosting
    sys_wrch.o(.text) refers (Special) to indicate_semi.o(.text) for __semihosting_library_function
    defsig.o(CL$$defsig) refers to defsig_rtmem_inner.o(.text) for __rt_SIGRTMEM_inner
    defsig_abrt_inner.o(.text) refers to defsig_general.o(.text) for __default_signal_display
    defsig_fpe_inner.o(.text) refers to defsig_general.o(.text) for __default_signal_display
    defsig_rtred_inner.o(.text) refers to defsig_general.o(.text) for __default_signal_display
    defsig_stak_inner.o(.text) refers to defsig_general.o(.text) for __default_signal_display
    defsig_pvfn_inner.o(.text) refers to defsig_general.o(.text) for __default_signal_display
    defsig_cppl_inner.o(.text) refers to defsig_general.o(.text) for __default_signal_display
    defsig_segv_inner.o(.text) refers to defsig_general.o(.text) for __default_signal_display
    defsig_other.o(.text) refers to defsig_general.o(.text) for __default_signal_display


==============================================================================

Removing Unused input sections from the image.

    Removing sample.o(.rev16_text), (4 bytes).
    Removing sample.o(.revsh_text), (4 bytes).
    Removing sample.o(.rrx_text), (6 bytes).
    Removing core_cm3.o(.emb_text), (32 bytes).
    Removing system_lpc17xx.o(.rev16_text), (4 bytes).
    Removing system_lpc17xx.o(.revsh_text), (4 bytes).
    Removing system_lpc17xx.o(.rrx_text), (6 bytes).
    Removing funct_led.o(.rev16_text), (4 bytes).
    Removing funct_led.o(.revsh_text), (4 bytes).
    Removing funct_led.o(.rrx_text), (6 bytes).
    Removing lib_led.o(.rev16_text), (4 bytes).
    Removing lib_led.o(.revsh_text), (4 bytes).
    Removing lib_led.o(.rrx_text), (6 bytes).
    Removing irq_button.o(.rev16_text), (4 bytes).
    Removing irq_button.o(.revsh_text), (4 bytes).
    Removing irq_button.o(.rrx_text), (6 bytes).
    Removing lib_button.o(.rev16_text), (4 bytes).
    Removing lib_button.o(.revsh_text), (4 bytes).
    Removing lib_button.o(.rrx_text), (6 bytes).
    Removing irq_timer.o(.rev16_text), (4 bytes).
    Removing irq_timer.o(.revsh_text), (4 bytes).
    Removing irq_timer.o(.rrx_text), (6 bytes).
    Removing lib_timer.o(.rev16_text), (4 bytes).
    Removing lib_timer.o(.revsh_text), (4 bytes).
    Removing lib_timer.o(.rrx_text), (6 bytes).
    Removing irq_rit.o(.rev16_text), (4 bytes).
    Removing irq_rit.o(.revsh_text), (4 bytes).
    Removing irq_rit.o(.rrx_text), (6 bytes).
    Removing lib_rit.o(.rev16_text), (4 bytes).
    Removing lib_rit.o(.revsh_text), (4 bytes).
    Removing lib_rit.o(.rrx_text), (6 bytes).
    Removing funct_joystick.o(.rev16_text), (4 bytes).
    Removing funct_joystick.o(.revsh_text), (4 bytes).
    Removing funct_joystick.o(.rrx_text), (6 bytes).
    Removing funct_joystick.o(.text), (12 bytes).
    Removing lib_joystick.o(.rev16_text), (4 bytes).
    Removing lib_joystick.o(.revsh_text), (4 bytes).
    Removing lib_joystick.o(.rrx_text), (6 bytes).
    Removing irq_adc.o(.rev16_text), (4 bytes).
    Removing irq_adc.o(.revsh_text), (4 bytes).
    Removing irq_adc.o(.rrx_text), (6 bytes).
    Removing lib_adc.o(.rev16_text), (4 bytes).
    Removing lib_adc.o(.revsh_text), (4 bytes).
    Removing lib_adc.o(.rrx_text), (6 bytes).
    Removing lib_dac.o(.rev16_text), (4 bytes).
    Removing lib_dac.o(.revsh_text), (4 bytes).
    Removing lib_dac.o(.rrx_text), (6 bytes).
    Removing glcd.o(.rev16_text), (4 bytes).
    Removing glcd.o(.revsh_text), (4 bytes).
    Removing glcd.o(.rrx_text), (6 bytes).
    Removing hzlib.o(.text), (52 bytes).
    Removing hzlib.o(.constdata), (216576 bytes).
    Removing touchpanel.o(.rev16_text), (4 bytes).
    Removing touchpanel.o(.revsh_text), (4 bytes).
    Removing touchpanel.o(.rrx_text), (6 bytes).

55 unused section(s) (total 216910 bytes) removed from the image.

==============================================================================

Image Symbol Table

    Local Symbols

    Symbol Name                              Value     Ov Type        Size  Object(Section)

    RESET                                    0x00000000   Section      204  startup_lpc17xx.o(RESET)
    ../clib/angel/boardlib.s                 0x00000000   Number         0  boardinit3.o ABSOLUTE
    ../clib/angel/boardlib.s                 0x00000000   Number         0  boardinit2.o ABSOLUTE
    ../clib/angel/boardlib.s                 0x00000000   Number         0  boardinit1.o ABSOLUTE
    ../clib/angel/boardlib.s                 0x00000000   Number         0  boardshut.o ABSOLUTE
    ../clib/angel/dczerorl2.s                0x00000000   Number         0  __dczerorl2.o ABSOLUTE
    ../clib/angel/handlers.s                 0x00000000   Number         0  __scatter_zi.o ABSOLUTE
    ../clib/angel/handlers.s                 0x00000000   Number         0  __scatter_copy.o ABSOLUTE
    ../clib/angel/kernel.s                   0x00000000   Number         0  rtexit.o ABSOLUTE
    ../clib/angel/kernel.s                   0x00000000   Number         0  __rtentry.o ABSOLUTE
    ../clib/angel/kernel.s                   0x00000000   Number         0  rtexit2.o ABSOLUTE
    ../clib/angel/kernel.s                   0x00000000   Number         0  __rtentry2.o ABSOLUTE
    ../clib/angel/kernel.s                   0x00000000   Number         0  __rtentry4.o ABSOLUTE
    ../clib/angel/rt.s                       0x00000000   Number         0  rt_raise.o ABSOLUTE
    ../clib/angel/scatter.s                  0x00000000   Number         0  __scatter.o ABSOLUTE
    ../clib/angel/startup.s                  0x00000000   Number         0  __main.o ABSOLUTE
    ../clib/angel/sys.s                      0x00000000   Number         0  libspace.o ABSOLUTE
    ../clib/angel/sys.s                      0x00000000   Number         0  indicate_semi.o ABSOLUTE
    ../clib/angel/sys.s                      0x00000000   Number         0  sys_stackheap_outer.o ABSOLUTE
    ../clib/angel/sys.s                      0x00000000   Number         0  use_no_semi.o ABSOLUTE
    ../clib/angel/sysapp.c                   0x00000000   Number         0  sys_exit.o ABSOLUTE
    ../clib/angel/sysapp.c                   0x00000000   Number         0  sys_command.o ABSOLUTE
    ../clib/angel/sysapp.c                   0x00000000   Number         0  sys_wrch.o ABSOLUTE
    ../clib/armsys.c                         0x00000000   Number         0  argv_veneer.o ABSOLUTE
    ../clib/armsys.c                         0x00000000   Number         0  argv_veneer.o ABSOLUTE
    ../clib/armsys.c                         0x00000000   Number         0  _get_argv_nomalloc.o ABSOLUTE
    ../clib/armsys.c                         0x00000000   Number         0  no_argv.o ABSOLUTE
    ../clib/heapalloc.c                      0x00000000   Number         0  hrguard.o ABSOLUTE
    ../clib/heapaux.c                        0x00000000   Number         0  heapauxi.o ABSOLUTE
    ../clib/libinit.s                        0x00000000   Number         0  libinit2.o ABSOLUTE
    ../clib/libinit.s                        0x00000000   Number         0  libinit.o ABSOLUTE
    ../clib/libinit.s                        0x00000000   Number         0  libshutdown2.o ABSOLUTE
    ../clib/libinit.s                        0x00000000   Number         0  libshutdown.o ABSOLUTE
    ../clib/memcpset.s                       0x00000000   Number         0  rt_memcpy_w.o ABSOLUTE
    ../clib/memcpset.s                       0x00000000   Number         0  rt_memcpy_v6.o ABSOLUTE
    ../clib/memcpset.s                       0x00000000   Number         0  rt_memclr_w.o ABSOLUTE
    ../clib/signal.c                         0x00000000   Number         0  defsig_rtmem_outer.o ABSOLUTE
    ../clib/signal.c                         0x00000000   Number         0  defsig_abrt_inner.o ABSOLUTE
    ../clib/signal.c                         0x00000000   Number         0  defsig_cppl_inner.o ABSOLUTE
    ../clib/signal.c                         0x00000000   Number         0  defsig_rtmem_inner.o ABSOLUTE
    ../clib/signal.c                         0x00000000   Number         0  defsig_stak_inner.o ABSOLUTE
    ../clib/signal.c                         0x00000000   Number         0  defsig_rtred_inner.o ABSOLUTE
    ../clib/signal.c                         0x00000000   Number         0  defsig_fpe_inner.o ABSOLUTE
    ../clib/signal.c                         0x00000000   Number         0  defsig_rtmem_formal.o ABSOLUTE
    ../clib/signal.c                         0x00000000   Number         0  defsig_exit.o ABSOLUTE
    ../clib/signal.c                         0x00000000   Number         0  defsig_pvfn_inner.o ABSOLUTE
    ../clib/signal.c                         0x00000000   Number         0  defsig_other.o ABSOLUTE
    ../clib/signal.c                         0x00000000   Number         0  defsig_segv_inner.o ABSOLUTE
    ../clib/signal.c                         0x00000000   Number         0  defsig_general.o ABSOLUTE
    ../clib/signal.c                         0x00000000   Number         0  __raise.o ABSOLUTE
    ../clib/signal.s                         0x00000000   Number         0  defsig.o ABSOLUTE
    ../clib/stdlib.c                         0x00000000   Number         0  exit.o ABSOLUTE
    ../clib/string.c                         0x00000000   Number         0  strlen.o ABSOLUTE
    ../clib/string.c                         0x00000000   Number         0  strcpy.o ABSOLUTE
    ../fplib/d2f.s                           0x00000000   Number         0  d2f.o ABSOLUTE
    ../fplib/daddsub.s                       0x00000000   Number         0  daddsub_clz.o ABSOLUTE
    ../fplib/dcmpi.s                         0x00000000   Number         0  dcmpi.o ABSOLUTE
    ../fplib/ddiv.s                          0x00000000   Number         0  ddiv.o ABSOLUTE
    ../fplib/deqf.s                          0x00000000   Number         0  deqf.o ABSOLUTE
    ../fplib/dfix.s                          0x00000000   Number         0  dfix.o ABSOLUTE
    ../fplib/dfixu.s                         0x00000000   Number         0  dfixu.o ABSOLUTE
    ../fplib/dflt.s                          0x00000000   Number         0  dflt_clz.o ABSOLUTE
    ../fplib/dmul.s                          0x00000000   Number         0  dmul.o ABSOLUTE
    ../fplib/dnaninf.s                       0x00000000   Number         0  dnaninf.o ABSOLUTE
    ../fplib/dretinf.s                       0x00000000   Number         0  dretinf.o ABSOLUTE
    ../fplib/f2d.s                           0x00000000   Number         0  f2d.o ABSOLUTE
    ../fplib/fcmpi.s                         0x00000000   Number         0  fcmpi.o ABSOLUTE
    ../fplib/feqf.s                          0x00000000   Number         0  feqf.o ABSOLUTE
    ../fplib/fleqf.s                         0x00000000   Number         0  fleqf.o ABSOLUTE
    ../fplib/fnaninf.s                       0x00000000   Number         0  fnaninf.o ABSOLUTE
    ../fplib/fpinit.s                        0x00000000   Number         0  fpinit.o ABSOLUTE
    ../fplib/fretinf.s                       0x00000000   Number         0  fretinf.o ABSOLUTE
    ../fplib/frleqf.s                        0x00000000   Number         0  frleqf.o ABSOLUTE
    ../fplib/usenofp.s                       0x00000000   Number         0  usenofp.o ABSOLUTE
    GLCD\AsciiLib.c                          0x00000000   Number         0  asciilib.o ABSOLUTE
    GLCD\GLCD.c                              0x00000000   Number         0  glcd.o ABSOLUTE
    GLCD\HzLib.c                             0x00000000   Number         0  hzlib.o ABSOLUTE
    GLCD\\GLCD.c                             0x00000000   Number         0  glcd.o ABSOLUTE
    RIT\IRQ_RIT.c                            0x00000000   Number         0  irq_rit.o ABSOLUTE
    RIT\\IRQ_RIT.c                           0x00000000   Number         0  irq_rit.o ABSOLUTE
    RIT\\lib_RIT.c                           0x00000000   Number         0  lib_rit.o ABSOLUTE
    RIT\lib_RIT.c                            0x00000000   Number         0  lib_rit.o ABSOLUTE
    TouchPanel\TouchPanel.c                  0x00000000   Number         0  touchpanel.o ABSOLUTE
    TouchPanel\\TouchPanel.c                 0x00000000   Number         0  touchpanel.o ABSOLUTE
    adc\IRQ_adc.c                            0x00000000   Number         0  irq_adc.o ABSOLUTE
    adc\\IRQ_adc.c                           0x00000000   Number         0  irq_adc.o ABSOLUTE
    adc\\lib_adc.c                           0x00000000   Number         0  lib_adc.o ABSOLUTE
    adc\lib_adc.c                            0x00000000   Number         0  lib_adc.o ABSOLUTE
    button_EXINT\IRQ_button.c                0x00000000   Number         0  irq_button.o ABSOLUTE
    button_EXINT\\IRQ_button.c               0x00000000   Number         0  irq_button.o ABSOLUTE
    button_EXINT\\lib_button.c               0x00000000   Number         0  lib_button.o ABSOLUTE
    button_EXINT\lib_button.c                0x00000000   Number         0  lib_button.o ABSOLUTE
    core_cm3.c                               0x00000000   Number         0  core_cm3.o ABSOLUTE
    core_cm3.c                               0x00000000   Number         0  core_cm3.o ABSOLUTE
    dac\\lib_dac.c                           0x00000000   Number         0  lib_dac.o ABSOLUTE
    dac\lib_dac.c                            0x00000000   Number         0  lib_dac.o ABSOLUTE
    dc.s                                     0x00000000   Number         0  dc.o ABSOLUTE
    joystick\\funct_joystick.c               0x00000000   Number         0  funct_joystick.o ABSOLUTE
    joystick\\lib_joystick.c                 0x00000000   Number         0  lib_joystick.o ABSOLUTE
    joystick\funct_joystick.c                0x00000000   Number         0  funct_joystick.o ABSOLUTE
    joystick\lib_joystick.c                  0x00000000   Number         0  lib_joystick.o ABSOLUTE
    led\\funct_led.c                         0x00000000   Number         0  funct_led.o ABSOLUTE
    led\\lib_led.c                           0x00000000   Number         0  lib_led.o ABSOLUTE
    led\funct_led.c                          0x00000000   Number         0  funct_led.o ABSOLUTE
    led\lib_led.c                            0x00000000   Number         0  lib_led.o ABSOLUTE
    sample.c                                 0x00000000   Number         0  sample.o ABSOLUTE
    sample.c                                 0x00000000   Number         0  sample.o ABSOLUTE
    startup_LPC17xx.s                        0x00000000   Number         0  startup_lpc17xx.o ABSOLUTE
    system_LPC17xx.c                         0x00000000   Number         0  system_lpc17xx.o ABSOLUTE
    system_LPC17xx.c                         0x00000000   Number         0  system_lpc17xx.o ABSOLUTE
    timer\IRQ_timer.c                        0x00000000   Number         0  irq_timer.o ABSOLUTE
    timer\\IRQ_timer.c                       0x00000000   Number         0  irq_timer.o ABSOLUTE
    timer\\lib_timer.c                       0x00000000   Number         0  lib_timer.o ABSOLUTE
    timer\lib_timer.c                        0x00000000   Number         0  lib_timer.o ABSOLUTE
    !!!main                                  0x000000cc   Section        8  __main.o(!!!main)
    !!!scatter                               0x000000d4   Section       52  __scatter.o(!!!scatter)
    !!dczerorl2                              0x00000108   Section       90  __dczerorl2.o(!!dczerorl2)
    !!handler_copy                           0x00000164   Section       26  __scatter_copy.o(!!handler_copy)
    !!handler_zi                             0x00000180   Section       28  __scatter_zi.o(!!handler_zi)
    .ARM.Collect$$libinit$$00000000          0x0000019c   Section        2  libinit.o(.ARM.Collect$$libinit$$00000000)
    .ARM.Collect$$libinit$$00000002          0x0000019e   Section        0  libinit2.o(.ARM.Collect$$libinit$$00000002)
    .ARM.Collect$$libinit$$00000004          0x0000019e   Section        0  libinit2.o(.ARM.Collect$$libinit$$00000004)
    .ARM.Collect$$libinit$$0000000A          0x0000019e   Section        0  libinit2.o(.ARM.Collect$$libinit$$0000000A)
    .ARM.Collect$$libinit$$0000000C          0x0000019e   Section        0  libinit2.o(.ARM.Collect$$libinit$$0000000C)
    .ARM.Collect$$libinit$$0000000E          0x0000019e   Section        0  libinit2.o(.ARM.Collect$$libinit$$0000000E)
    .ARM.Collect$$libinit$$00000011          0x0000019e   Section        0  libinit2.o(.ARM.Collect$$libinit$$00000011)
    .ARM.Collect$$libinit$$00000013          0x0000019e   Section        0  libinit2.o(.ARM.Collect$$libinit$$00000013)
    .ARM.Collect$$libinit$$00000015          0x0000019e   Section        0  libinit2.o(.ARM.Collect$$libinit$$00000015)
    .ARM.Collect$$libinit$$00000017          0x0000019e   Section        0  libinit2.o(.ARM.Collect$$libinit$$00000017)
    .ARM.Collect$$libinit$$00000019          0x0000019e   Section        0  libinit2.o(.ARM.Collect$$libinit$$00000019)
    .ARM.Collect$$libinit$$0000001B          0x0000019e   Section        0  libinit2.o(.ARM.Collect$$libinit$$0000001B)
    .ARM.Collect$$libinit$$0000001D          0x0000019e   Section        0  libinit2.o(.ARM.Collect$$libinit$$0000001D)
    .ARM.Collect$$libinit$$0000001F          0x0000019e   Section        0  libinit2.o(.ARM.Collect$$libinit$$0000001F)
    .ARM.Collect$$libinit$$00000021          0x0000019e   Section        0  libinit2.o(.ARM.Collect$$libinit$$00000021)
    .ARM.Collect$$libinit$$00000023          0x0000019e   Section        0  libinit2.o(.ARM.Collect$$libinit$$00000023)
    .ARM.Collect$$libinit$$00000025          0x0000019e   Section        0  libinit2.o(.ARM.Collect$$libinit$$00000025)
    .ARM.Collect$$libinit$$0000002C          0x0000019e   Section        0  libinit2.o(.ARM.Collect$$libinit$$0000002C)
    .ARM.Collect$$libinit$$0000002E          0x0000019e   Section        0  libinit2.o(.ARM.Collect$$libinit$$0000002E)
    .ARM.Collect$$libinit$$00000030          0x0000019e   Section        0  libinit2.o(.ARM.Collect$$libinit$$00000030)
    .ARM.Collect$$libinit$$00000032          0x0000019e   Section        0  libinit2.o(.ARM.Collect$$libinit$$00000032)
    .ARM.Collect$$libinit$$00000033          0x0000019e   Section        2  libinit2.o(.ARM.Collect$$libinit$$00000033)
    .ARM.Collect$$libshutdown$$00000000      0x000001a0   Section        2  libshutdown.o(.ARM.Collect$$libshutdown$$00000000)
    .ARM.Collect$$libshutdown$$00000002      0x000001a2   Section        0  libshutdown2.o(.ARM.Collect$$libshutdown$$00000002)
    .ARM.Collect$$libshutdown$$00000004      0x000001a2   Section        0  libshutdown2.o(.ARM.Collect$$libshutdown$$00000004)
    .ARM.Collect$$libshutdown$$00000007      0x000001a2   Section        0  libshutdown2.o(.ARM.Collect$$libshutdown$$00000007)
    .ARM.Collect$$libshutdown$$0000000A      0x000001a2   Section        0  libshutdown2.o(.ARM.Collect$$libshutdown$$0000000A)
    .ARM.Collect$$libshutdown$$0000000C      0x000001a2   Section        0  libshutdown2.o(.ARM.Collect$$libshutdown$$0000000C)
    .ARM.Collect$$libshutdown$$0000000F      0x000001a2   Section        0  libshutdown2.o(.ARM.Collect$$libshutdown$$0000000F)
    .ARM.Collect$$libshutdown$$00000010      0x000001a2   Section        2  libshutdown2.o(.ARM.Collect$$libshutdown$$00000010)
    .ARM.Collect$$rtentry$$00000000          0x000001a4   Section        0  __rtentry.o(.ARM.Collect$$rtentry$$00000000)
    .ARM.Collect$$rtentry$$00000002          0x000001a4   Section        0  __rtentry2.o(.ARM.Collect$$rtentry$$00000002)
    .ARM.Collect$$rtentry$$00000004          0x000001a4   Section        6  __rtentry4.o(.ARM.Collect$$rtentry$$00000004)
    .ARM.Collect$$rtentry$$00000009          0x000001aa   Section        0  __rtentry2.o(.ARM.Collect$$rtentry$$00000009)
    .ARM.Collect$$rtentry$$0000000A          0x000001aa   Section        4  __rtentry2.o(.ARM.Collect$$rtentry$$0000000A)
    .ARM.Collect$$rtentry$$0000000C          0x000001ae   Section        0  __rtentry2.o(.ARM.Collect$$rtentry$$0000000C)
    .ARM.Collect$$rtentry$$0000000D          0x000001ae   Section        8  __rtentry2.o(.ARM.Collect$$rtentry$$0000000D)
    .ARM.Collect$$rtexit$$00000000           0x000001b6   Section        2  rtexit.o(.ARM.Collect$$rtexit$$00000000)
    .ARM.Collect$$rtexit$$00000002           0x000001b8   Section        0  rtexit2.o(.ARM.Collect$$rtexit$$00000002)
    .ARM.Collect$$rtexit$$00000003           0x000001b8   Section        4  rtexit2.o(.ARM.Collect$$rtexit$$00000003)
    .ARM.Collect$$rtexit$$00000004           0x000001bc   Section        6  rtexit2.o(.ARM.Collect$$rtexit$$00000004)
    .text                                    0x000001c4   Section       52  startup_lpc17xx.o(.text)
    .text                                    0x000001f8   Section        0  sample.o(.text)
    .text                                    0x000002cc   Section        0  lib_joystick.o(.text)
    .text                                    0x000002f0   Section        0  heapauxi.o(.text)
    .text                                    0x000002f6   Section        2  use_no_semi.o(.text)
    .text                                    0x000002f8   Section        0  indicate_semi.o(.text)
    x$fpl$usenofp                            0x000002f8   Section        0  usenofp.o(x$fpl$usenofp)
    .ARM.__at_0x02FC                         0x000002fc   Section        4  startup_lpc17xx.o(.ARM.__at_0x02FC)
    .text                                    0x00000300   Section        0  system_lpc17xx.o(.text)
    .text                                    0x0000052c   Section        0  funct_led.o(.text)
    .text                                    0x00000598   Section        0  lib_led.o(.text)
    .text                                    0x000005d8   Section        0  irq_button.o(.text)
    __NVIC_DisableIRQ                        0x000005d9   Thumb Code    54  irq_button.o(.text)
    .text                                    0x000007ac   Section        0  lib_button.o(.text)
    __NVIC_EnableIRQ                         0x000007ad   Thumb Code    34  lib_button.o(.text)
    __NVIC_SetPriority                       0x000007cf   Thumb Code    32  lib_button.o(.text)
    .text                                    0x00000880   Section        0  irq_timer.o(.text)
    __NVIC_EnableIRQ                         0x00000881   Thumb Code    34  irq_timer.o(.text)
    __NVIC_DisableIRQ                        0x000008a3   Thumb Code    54  irq_timer.o(.text)
    .text                                    0x00000ee4   Section        0  lib_timer.o(.text)
    __NVIC_EnableIRQ                         0x00000ee5   Thumb Code    34  lib_timer.o(.text)
    .text                                    0x00001020   Section        0  irq_rit.o(.text)
    __NVIC_EnableIRQ                         0x00001021   Thumb Code    34  irq_rit.o(.text)
    __NVIC_DisableIRQ                        0x00001043   Thumb Code    54  irq_rit.o(.text)
    .text                                    0x0000147c   Section        0  lib_rit.o(.text)
    .text                                    0x00001510   Section        0  irq_adc.o(.text)
    .text                                    0x00001774   Section        0  lib_adc.o(.text)
    .text                                    0x000017ec   Section        0  lib_dac.o(.text)
    .text                                    0x00001824   Section        0  asciilib.o(.text)
    .text                                    0x00001844   Section        0  glcd.o(.text)
    LCD_Configuration                        0x00001845   Thumb Code    20  glcd.o(.text)
    wait_delay                               0x00001859   Thumb Code    12  glcd.o(.text)
    LCD_SetCursor                            0x00001865   Thumb Code  1356  glcd.o(.text)
    delay_ms                                 0x00001db1   Thumb Code    30  glcd.o(.text)
    LCD_BGR2RGB                              0x000054b1   Thumb Code    26  glcd.o(.text)
    .text                                    0x0000598c   Section        0  touchpanel.o(.text)
    ADS7843_SPI_Init                         0x0000599d   Thumb Code   128  touchpanel.o(.text)
    DelayUS                                  0x00005a3b   Thumb Code    28  touchpanel.o(.text)
    WR_CMD                                   0x00005a57   Thumb Code    56  touchpanel.o(.text)
    RD_AD                                    0x00005a8f   Thumb Code    44  touchpanel.o(.text)
    .text                                    0x0000621a   Section        0  strcpy.o(.text)
    .text                                    0x00006262   Section        0  strlen.o(.text)
    .text                                    0x000062a0   Section      138  rt_memcpy_v6.o(.text)
    .text                                    0x0000632a   Section       78  rt_memclr_w.o(.text)
    .text                                    0x00006378   Section      100  rt_memcpy_w.o(.text)
    .text                                    0x000063dc   Section       74  sys_stackheap_outer.o(.text)
    .text                                    0x00006426   Section        0  exit.o(.text)
    .text                                    0x00006438   Section        8  libspace.o(.text)
    .text                                    0x00006440   Section        0  sys_exit.o(.text)
    x$fpl$d2f                                0x0000644c   Section       98  d2f.o(x$fpl$d2f)
    x$fpl$dadd                               0x000064b0   Section      336  daddsub_clz.o(x$fpl$dadd)
    _dadd1                                   0x000064c1   Thumb Code     0  daddsub_clz.o(x$fpl$dadd)
    x$fpl$dcmpinf                            0x00006600   Section       24  dcmpi.o(x$fpl$dcmpinf)
    x$fpl$ddiv                               0x00006618   Section      688  ddiv.o(x$fpl$ddiv)
    ddiv_entry                               0x0000661f   Thumb Code     0  ddiv.o(x$fpl$ddiv)
    x$fpl$deqf                               0x000068c8   Section      120  deqf.o(x$fpl$deqf)
    x$fpl$dfix                               0x00006940   Section       94  dfix.o(x$fpl$dfix)
    x$fpl$dfixu                              0x000069a0   Section       90  dfixu.o(x$fpl$dfixu)
    x$fpl$dflt                               0x000069fa   Section       46  dflt_clz.o(x$fpl$dflt)
    x$fpl$dfltu                              0x00006a28   Section       38  dflt_clz.o(x$fpl$dfltu)
    x$fpl$dmul                               0x00006a50   Section      340  dmul.o(x$fpl$dmul)
    x$fpl$dnaninf                            0x00006ba4   Section      156  dnaninf.o(x$fpl$dnaninf)
    x$fpl$dretinf                            0x00006c40   Section       12  dretinf.o(x$fpl$dretinf)
    x$fpl$dsub                               0x00006c4c   Section      468  daddsub_clz.o(x$fpl$dsub)
    _dsub1                                   0x00006c5d   Thumb Code     0  daddsub_clz.o(x$fpl$dsub)
    x$fpl$f2d                                0x00006e20   Section       86  f2d.o(x$fpl$f2d)
    x$fpl$fcmpinf                            0x00006e76   Section       24  fcmpi.o(x$fpl$fcmpinf)
    x$fpl$feqf                               0x00006e90   Section      104  feqf.o(x$fpl$feqf)
    x$fpl$fleqf                              0x00006ef8   Section      104  fleqf.o(x$fpl$fleqf)
    x$fpl$fnaninf                            0x00006f60   Section      140  fnaninf.o(x$fpl$fnaninf)
    x$fpl$fretinf                            0x00006fec   Section       10  fretinf.o(x$fpl$fretinf)
    x$fpl$frleqf                             0x00006ff6   Section       98  frleqf.o(x$fpl$frleqf)
    .constdata                               0x00007058   Section       32  funct_led.o(.constdata)
    .constdata                               0x00007078   Section       60  irq_adc.o(.constdata)
    .constdata                               0x000070b4   Section     1520  asciilib.o(.constdata)
    AsciiLib                                 0x000070b4   Data        1520  asciilib.o(.constdata)
    .data                                    0x10000000   Section        4  system_lpc17xx.o(.data)
    .data                                    0x10000004   Section       40  irq_rit.o(.data)
    .data                                    0x1000002c   Section       20  touchpanel.o(.data)
    screen                                   0x1000003c   Data           4  touchpanel.o(.data)
    .bss                                     0x10000040   Section       68  touchpanel.o(.bss)
    STACK                                    0x10000088   Section      512  startup_lpc17xx.o(STACK)
    Stack_Mem                                0x10000088   Data         512  startup_lpc17xx.o(STACK)
    __initial_sp                             0x10000288   Data           0  startup_lpc17xx.o(STACK)
    .data                                    0x2007c000   Section        1  lib_led.o(.data)
    .data                                    0x2007c004   Section        8  irq_button.o(.data)
    .data                                    0x2007c00c   Section      160  irq_timer.o(.data)
    ticks                                    0x2007c0a8   Data           4  irq_timer.o(.data)
    .data                                    0x2007c0ac   Section      336  irq_adc.o(.data)
    confirm                                  0x2007c1ec   Data           4  irq_adc.o(.data)
    x0                                       0x2007c1f0   Data           4  irq_adc.o(.data)
    x1                                       0x2007c1f4   Data           4  irq_adc.o(.data)
    first                                    0x2007c1f8   Data           4  irq_adc.o(.data)
    .data                                    0x2007c1fc   Section        1  glcd.o(.data)
    LCD_Code                                 0x2007c1fc   Data           1  glcd.o(.data)
    .bss                                     0x2007c200   Section       40  irq_adc.o(.bss)
    .bss                                     0x2007c228   Section       96  libspace.o(.bss)
    HEAP                                     0x2007c288   Section        0  startup_lpc17xx.o(HEAP)
    Heap_Mem                                 0x2007c288   Data           0  startup_lpc17xx.o(HEAP)

    Global Symbols

    Symbol Name                              Value     Ov Type        Size  Object(Section)

    BuildAttributes$$THM_ISAv4$P$D$K$B$S$PE$A:L22UL41UL21$X:L11$S22US41US21$IEEE1$IW$USESV6$~STKCKD$USESV7$~SHL$OSPACE$ROPI$EBA8$UX$STANDARDLIB$REQ8$PRES8$EABIv2 0x00000000   Number         0  anon$$obj.o ABSOLUTE
    __ARM_use_no_argv                        0x00000000   Number         0  sample.o ABSOLUTE
    __Vectors                                0x00000000   Data           4  startup_lpc17xx.o(RESET)
    __ARM_exceptions_init                     - Undefined Weak Reference
    __alloca_initialize                       - Undefined Weak Reference
    __arm_preinit_                            - Undefined Weak Reference
    __cpp_initialize__aeabi_                  - Undefined Weak Reference
    __cxa_finalize                            - Undefined Weak Reference
    __rt_locale                               - Undefined Weak Reference
    __sigvec_lookup                           - Undefined Weak Reference
    _atexit_init                              - Undefined Weak Reference
    _call_atexit_fns                          - Undefined Weak Reference
    _clock_init                               - Undefined Weak Reference
    _fp_trap_init                             - Undefined Weak Reference
    _fp_trap_shutdown                         - Undefined Weak Reference
    _get_lc_collate                           - Undefined Weak Reference
    _get_lc_ctype                             - Undefined Weak Reference
    _get_lc_monetary                          - Undefined Weak Reference
    _get_lc_numeric                           - Undefined Weak Reference
    _get_lc_time                              - Undefined Weak Reference
    _getenv_init                              - Undefined Weak Reference
    _handle_redirection                       - Undefined Weak Reference
    _init_alloc                               - Undefined Weak Reference
    _init_user_alloc                          - Undefined Weak Reference
    _initio                                   - Undefined Weak Reference
    _rand_init                                - Undefined Weak Reference
    _signal_finish                            - Undefined Weak Reference
    _signal_init                              - Undefined Weak Reference
    _terminate_alloc                          - Undefined Weak Reference
    _terminate_user_alloc                     - Undefined Weak Reference
    _terminateio                              - Undefined Weak Reference
    __main                                   0x000000cd   Thumb Code     8  __main.o(!!!main)
    __scatterload                            0x000000d5   Thumb Code     0  __scatter.o(!!!scatter)
    __scatterload_rt2                        0x000000d5   Thumb Code    44  __scatter.o(!!!scatter)
    __scatterload_rt2_thumb_only             0x000000d5   Thumb Code     0  __scatter.o(!!!scatter)
    __scatterload_null                       0x000000e3   Thumb Code     0  __scatter.o(!!!scatter)
    __decompress                             0x00000109   Thumb Code    90  __dczerorl2.o(!!dczerorl2)
    __decompress1                            0x00000109   Thumb Code     0  __dczerorl2.o(!!dczerorl2)
    __scatterload_copy                       0x00000165   Thumb Code    26  __scatter_copy.o(!!handler_copy)
    __scatterload_zeroinit                   0x00000181   Thumb Code    28  __scatter_zi.o(!!handler_zi)
    __rt_lib_init                            0x0000019d   Thumb Code     0  libinit.o(.ARM.Collect$$libinit$$00000000)
    __rt_lib_init_alloca_1                   0x0000019f   Thumb Code     0  libinit2.o(.ARM.Collect$$libinit$$0000002E)
    __rt_lib_init_argv_1                     0x0000019f   Thumb Code     0  libinit2.o(.ARM.Collect$$libinit$$0000002C)
    __rt_lib_init_atexit_1                   0x0000019f   Thumb Code     0  libinit2.o(.ARM.Collect$$libinit$$0000001B)
    __rt_lib_init_clock_1                    0x0000019f   Thumb Code     0  libinit2.o(.ARM.Collect$$libinit$$00000021)
    __rt_lib_init_cpp_1                      0x0000019f   Thumb Code     0  libinit2.o(.ARM.Collect$$libinit$$00000032)
    __rt_lib_init_exceptions_1               0x0000019f   Thumb Code     0  libinit2.o(.ARM.Collect$$libinit$$00000030)
    __rt_lib_init_fp_1                       0x0000019f   Thumb Code     0  libinit2.o(.ARM.Collect$$libinit$$00000002)
    __rt_lib_init_fp_trap_1                  0x0000019f   Thumb Code     0  libinit2.o(.ARM.Collect$$libinit$$0000001F)
    __rt_lib_init_getenv_1                   0x0000019f   Thumb Code     0  libinit2.o(.ARM.Collect$$libinit$$00000023)
    __rt_lib_init_heap_1                     0x0000019f   Thumb Code     0  libinit2.o(.ARM.Collect$$libinit$$0000000A)
    __rt_lib_init_lc_collate_1               0x0000019f   Thumb Code     0  libinit2.o(.ARM.Collect$$libinit$$00000011)
    __rt_lib_init_lc_ctype_1                 0x0000019f   Thumb Code     0  libinit2.o(.ARM.Collect$$libinit$$00000013)
    __rt_lib_init_lc_monetary_1              0x0000019f   Thumb Code     0  libinit2.o(.ARM.Collect$$libinit$$00000015)
    __rt_lib_init_lc_numeric_1               0x0000019f   Thumb Code     0  libinit2.o(.ARM.Collect$$libinit$$00000017)
    __rt_lib_init_lc_time_1                  0x0000019f   Thumb Code     0  libinit2.o(.ARM.Collect$$libinit$$00000019)
    __rt_lib_init_preinit_1                  0x0000019f   Thumb Code     0  libinit2.o(.ARM.Collect$$libinit$$00000004)
    __rt_lib_init_rand_1                     0x0000019f   Thumb Code     0  libinit2.o(.ARM.Collect$$libinit$$0000000E)
    __rt_lib_init_return                     0x0000019f   Thumb Code     0  libinit2.o(.ARM.Collect$$libinit$$00000033)
    __rt_lib_init_signal_1                   0x0000019f   Thumb Code     0  libinit2.o(.ARM.Collect$$libinit$$0000001D)
    __rt_lib_init_stdio_1                    0x0000019f   Thumb Code     0  libinit2.o(.ARM.Collect$$libinit$$00000025)
    __rt_lib_init_user_alloc_1               0x0000019f   Thumb Code     0  libinit2.o(.ARM.Collect$$libinit$$0000000C)
    __rt_lib_shutdown                        0x000001a1   Thumb Code     0  libshutdown.o(.ARM.Collect$$libshutdown$$00000000)
    __rt_lib_shutdown_cpp_1                  0x000001a3   Thumb Code     0  libshutdown2.o(.ARM.Collect$$libshutdown$$00000002)
    __rt_lib_shutdown_fp_trap_1              0x000001a3   Thumb Code     0  libshutdown2.o(.ARM.Collect$$libshutdown$$00000007)
    __rt_lib_shutdown_heap_1                 0x000001a3   Thumb Code     0  libshutdown2.o(.ARM.Collect$$libshutdown$$0000000F)
    __rt_lib_shutdown_return                 0x000001a3   Thumb Code     0  libshutdown2.o(.ARM.Collect$$libshutdown$$00000010)
    __rt_lib_shutdown_signal_1               0x000001a3   Thumb Code     0  libshutdown2.o(.ARM.Collect$$libshutdown$$0000000A)
    __rt_lib_shutdown_stdio_1                0x000001a3   Thumb Code     0  libshutdown2.o(.ARM.Collect$$libshutdown$$00000004)
    __rt_lib_shutdown_user_alloc_1           0x000001a3   Thumb Code     0  libshutdown2.o(.ARM.Collect$$libshutdown$$0000000C)
    __rt_entry                               0x000001a5   Thumb Code     0  __rtentry.o(.ARM.Collect$$rtentry$$00000000)
    __rt_entry_presh_1                       0x000001a5   Thumb Code     0  __rtentry2.o(.ARM.Collect$$rtentry$$00000002)
    __rt_entry_sh                            0x000001a5   Thumb Code     0  __rtentry4.o(.ARM.Collect$$rtentry$$00000004)
    __rt_entry_li                            0x000001ab   Thumb Code     0  __rtentry2.o(.ARM.Collect$$rtentry$$0000000A)
    __rt_entry_postsh_1                      0x000001ab   Thumb Code     0  __rtentry2.o(.ARM.Collect$$rtentry$$00000009)
    __rt_entry_main                          0x000001af   Thumb Code     0  __rtentry2.o(.ARM.Collect$$rtentry$$0000000D)
    __rt_entry_postli_1                      0x000001af   Thumb Code     0  __rtentry2.o(.ARM.Collect$$rtentry$$0000000C)
    __rt_exit                                0x000001b7   Thumb Code     0  rtexit.o(.ARM.Collect$$rtexit$$00000000)
    __rt_exit_ls                             0x000001b9   Thumb Code     0  rtexit2.o(.ARM.Collect$$rtexit$$00000003)
    __rt_exit_prels_1                        0x000001b9   Thumb Code     0  rtexit2.o(.ARM.Collect$$rtexit$$00000002)
    __rt_exit_exit                           0x000001bd   Thumb Code     0  rtexit2.o(.ARM.Collect$$rtexit$$00000004)
    Reset_Handler                            0x000001c5   Thumb Code     4  startup_lpc17xx.o(.text)
    NMI_Handler                              0x000001c9   Thumb Code     2  startup_lpc17xx.o(.text)
    HardFault_Handler                        0x000001cb   Thumb Code     2  startup_lpc17xx.o(.text)
    MemManage_Handler                        0x000001cd   Thumb Code     2  startup_lpc17xx.o(.text)
    BusFault_Handler                         0x000001cf   Thumb Code     2  startup_lpc17xx.o(.text)
    UsageFault_Handler                       0x000001d1   Thumb Code     2  startup_lpc17xx.o(.text)
    SVC_Handler                              0x000001d3   Thumb Code     2  startup_lpc17xx.o(.text)
    DebugMon_Handler                         0x000001d5   Thumb Code     2  startup_lpc17xx.o(.text)
    PendSV_Handler                           0x000001d7   Thumb Code     2  startup_lpc17xx.o(.text)
    SysTick_Handler                          0x000001d9   Thumb Code     2  startup_lpc17xx.o(.text)
    BOD_IRQHandler                           0x000001db   Thumb Code     0  startup_lpc17xx.o(.text)
    CANActivity_IRQHandler                   0x000001db   Thumb Code     0  startup_lpc17xx.o(.text)
    CAN_IRQHandler                           0x000001db   Thumb Code     0  startup_lpc17xx.o(.text)
    DMA_IRQHandler                           0x000001db   Thumb Code     0  startup_lpc17xx.o(.text)
    EINT3_IRQHandler                         0x000001db   Thumb Code     0  startup_lpc17xx.o(.text)
    ENET_IRQHandler                          0x000001db   Thumb Code     0  startup_lpc17xx.o(.text)
    I2C0_IRQHandler                          0x000001db   Thumb Code     0  startup_lpc17xx.o(.text)
    I2C1_IRQHandler                          0x000001db   Thumb Code     0  startup_lpc17xx.o(.text)
    I2C2_IRQHandler                          0x000001db   Thumb Code     0  startup_lpc17xx.o(.text)
    I2S_IRQHandler                           0x000001db   Thumb Code     0  startup_lpc17xx.o(.text)
    MCPWM_IRQHandler                         0x000001db   Thumb Code     0  startup_lpc17xx.o(.text)
    PLL0_IRQHandler                          0x000001db   Thumb Code     0  startup_lpc17xx.o(.text)
    PLL1_IRQHandler                          0x000001db   Thumb Code     0  startup_lpc17xx.o(.text)
    PWM1_IRQHandler                          0x000001db   Thumb Code     0  startup_lpc17xx.o(.text)
    QEI_IRQHandler                           0x000001db   Thumb Code     0  startup_lpc17xx.o(.text)
    RTC_IRQHandler                           0x000001db   Thumb Code     0  startup_lpc17xx.o(.text)
    SPI_IRQHandler                           0x000001db   Thumb Code     0  startup_lpc17xx.o(.text)
    SSP0_IRQHandler                          0x000001db   Thumb Code     0  startup_lpc17xx.o(.text)
    SSP1_IRQHandler                          0x000001db   Thumb Code     0  startup_lpc17xx.o(.text)
    UART0_IRQHandler                         0x000001db   Thumb Code     0  startup_lpc17xx.o(.text)
    UART1_IRQHandler                         0x000001db   Thumb Code     0  startup_lpc17xx.o(.text)
    UART2_IRQHandler                         0x000001db   Thumb Code     0  startup_lpc17xx.o(.text)
    UART3_IRQHandler                         0x000001db   Thumb Code     0  startup_lpc17xx.o(.text)
    USBActivity_IRQHandler                   0x000001db   Thumb Code     0  startup_lpc17xx.o(.text)
    USB_IRQHandler                           0x000001db   Thumb Code     0  startup_lpc17xx.o(.text)
    WDT_IRQHandler                           0x000001db   Thumb Code     0  startup_lpc17xx.o(.text)
    __user_initial_stackheap                 0x000001dd   Thumb Code     0  startup_lpc17xx.o(.text)
    main                                     0x000001f9   Thumb Code   186  sample.o(.text)
    joystick_init                            0x000002cd   Thumb Code    26  lib_joystick.o(.text)
    __use_two_region_memory                  0x000002f1   Thumb Code     2  heapauxi.o(.text)
    __rt_heap_escrow$2region                 0x000002f3   Thumb Code     2  heapauxi.o(.text)
    __rt_heap_expand$2region                 0x000002f5   Thumb Code     2  heapauxi.o(.text)
    __I$use$semihosting                      0x000002f7   Thumb Code     0  use_no_semi.o(.text)
    __use_no_semihosting_swi                 0x000002f7   Thumb Code     2  use_no_semi.o(.text)
    __I$use$fp                               0x000002f8   Number         0  usenofp.o(x$fpl$usenofp)
    __semihosting_library_function           0x000002f9   Thumb Code     0  indicate_semi.o(.text)
    SystemInit                               0x00000301   Thumb Code   526  system_lpc17xx.o(.text)
    LED_On                                   0x0000052d   Thumb Code    26  funct_led.o(.text)
    LED_Off                                  0x00000547   Thumb Code    26  funct_led.o(.text)
    LED_Out                                  0x00000561   Thumb Code    42  funct_led.o(.text)
    LED_init                                 0x00000599   Thumb Code    36  lib_led.o(.text)
    LED_deinit                               0x000005bd   Thumb Code    14  lib_led.o(.text)
    EINT0_IRQHandler                         0x0000060f   Thumb Code    42  irq_button.o(.text)
    EINT1_IRQHandler                         0x00000639   Thumb Code   162  irq_button.o(.text)
    EINT2_IRQHandler                         0x000006db   Thumb Code   162  irq_button.o(.text)
    BUTTON_init                              0x000007ef   Thumb Code   124  lib_button.o(.text)
    TIMER0_IRQHandler                        0x000008d9   Thumb Code   202  irq_timer.o(.text)
    TIMER1_IRQHandler                        0x000009a3   Thumb Code    78  irq_timer.o(.text)
    TIMER2_IRQHandler                        0x000009f1   Thumb Code    74  irq_timer.o(.text)
    TIMER3_IRQHandler                        0x00000a3b   Thumb Code  1140  irq_timer.o(.text)
    enable_timer                             0x00000f07   Thumb Code    48  lib_timer.o(.text)
    disable_timer                            0x00000f37   Thumb Code    48  lib_timer.o(.text)
    reset_timer                              0x00000f67   Thumb Code    66  lib_timer.o(.text)
    init_timer                               0x00000fa9   Thumb Code   106  lib_timer.o(.text)
    move_elevator                            0x00001079   Thumb Code   254  irq_rit.o(.text)
    startEmMode                              0x00001177   Thumb Code    64  irq_rit.o(.text)
    RIT_IRQHandler                           0x000011b7   Thumb Code   710  irq_rit.o(.text)
    enable_RIT                               0x0000147d   Thumb Code    14  lib_rit.o(.text)
    disable_RIT                              0x0000148b   Thumb Code    14  lib_rit.o(.text)
    reset_RIT                                0x00001499   Thumb Code     8  lib_rit.o(.text)
    init_RIT                                 0x000014a1   Thumb Code    98  lib_rit.o(.text)
    updateTone                               0x00001511   Thumb Code   408  irq_adc.o(.text)
    ADC_IRQHandler                           0x000016a9   Thumb Code   116  irq_adc.o(.text)
    ADC_init                                 0x00001775   Thumb Code    76  lib_adc.o(.text)
    ADC_start_conversion                     0x000017c1   Thumb Code    14  lib_adc.o(.text)
    ADC_end_conversion                       0x000017cf   Thumb Code    14  lib_adc.o(.text)
    DAC_init                                 0x000017ed   Thumb Code    36  lib_dac.o(.text)
    DAC_convert                              0x00001811   Thumb Code     6  lib_dac.o(.text)
    GetASCIICode                             0x00001825   Thumb Code    26  asciilib.o(.text)
    LCD_Initialization                       0x00001dcf   Thumb Code 12014  glcd.o(.text)
    LCD_Clear                                0x00004cbd   Thumb Code  1520  glcd.o(.text)
    LCD_SetPoint                             0x000052ad   Thumb Code   206  glcd.o(.text)
    LCD_DrawLine                             0x0000537b   Thumb Code   250  glcd.o(.text)
    LCD_ClearSection                         0x00005475   Thumb Code    60  glcd.o(.text)
    LCD_GetPoint                             0x000054cb   Thumb Code  1032  glcd.o(.text)
    PutChar                                  0x000058d3   Thumb Code   100  glcd.o(.text)
    GUI_Text                                 0x00005937   Thumb Code    84  glcd.o(.text)
    LPC17xx_SPI_SetSpeed                     0x0000598d   Thumb Code    16  touchpanel.o(.text)
    TP_Init                                  0x00005a1d   Thumb Code    30  touchpanel.o(.text)
    Read_X                                   0x00005abb   Thumb Code    42  touchpanel.o(.text)
    Read_Y                                   0x00005ae5   Thumb Code    42  touchpanel.o(.text)
    TP_GetAdXY                               0x00005b0f   Thumb Code    34  touchpanel.o(.text)
    TP_DrawPoint                             0x00005b31   Thumb Code    20  touchpanel.o(.text)
    DrawCross                                0x00005b45   Thumb Code   356  touchpanel.o(.text)
    Read_Ads7846                             0x00005ca9   Thumb Code   524  touchpanel.o(.text)
    setCalibrationMatrix                     0x00005eb5   Thumb Code   356  touchpanel.o(.text)
    getDisplayPoint                          0x00006019   Thumb Code   238  touchpanel.o(.text)
    TouchPanel_Calibrate                     0x00006107   Thumb Code   108  touchpanel.o(.text)
    draw_power                               0x00006173   Thumb Code   168  touchpanel.o(.text)
    strcpy                                   0x0000621b   Thumb Code    72  strcpy.o(.text)
    strlen                                   0x00006263   Thumb Code    62  strlen.o(.text)
    __aeabi_memcpy                           0x000062a1   Thumb Code     0  rt_memcpy_v6.o(.text)
    __rt_memcpy                              0x000062a1   Thumb Code   138  rt_memcpy_v6.o(.text)
    _memcpy_lastbytes                        0x00006307   Thumb Code     0  rt_memcpy_v6.o(.text)
    __aeabi_memclr4                          0x0000632b   Thumb Code     0  rt_memclr_w.o(.text)
    __aeabi_memclr8                          0x0000632b   Thumb Code     0  rt_memclr_w.o(.text)
    __rt_memclr_w                            0x0000632b   Thumb Code    78  rt_memclr_w.o(.text)
    _memset_w                                0x0000632f   Thumb Code     0  rt_memclr_w.o(.text)
    __aeabi_memcpy4                          0x00006379   Thumb Code     0  rt_memcpy_w.o(.text)
    __aeabi_memcpy8                          0x00006379   Thumb Code     0  rt_memcpy_w.o(.text)
    __rt_memcpy_w                            0x00006379   Thumb Code   100  rt_memcpy_w.o(.text)
    _memcpy_lastbytes_aligned                0x000063c1   Thumb Code     0  rt_memcpy_w.o(.text)
    __user_setup_stackheap                   0x000063dd   Thumb Code    74  sys_stackheap_outer.o(.text)
    exit                                     0x00006427   Thumb Code    18  exit.o(.text)
    __user_libspace                          0x00006439   Thumb Code     8  libspace.o(.text)
    __user_perproc_libspace                  0x00006439   Thumb Code     0  libspace.o(.text)
    __user_perthread_libspace                0x00006439   Thumb Code     0  libspace.o(.text)
    _sys_exit                                0x00006441   Thumb Code     8  sys_exit.o(.text)
    __aeabi_d2f                              0x0000644d   Thumb Code     0  d2f.o(x$fpl$d2f)
    _d2f                                     0x0000644d   Thumb Code    98  d2f.o(x$fpl$d2f)
    __aeabi_dadd                             0x000064b1   Thumb Code     0  daddsub_clz.o(x$fpl$dadd)
    _dadd                                    0x000064b1   Thumb Code   332  daddsub_clz.o(x$fpl$dadd)
    __fpl_dcmp_Inf                           0x00006601   Thumb Code    24  dcmpi.o(x$fpl$dcmpinf)
    __aeabi_ddiv                             0x00006619   Thumb Code     0  ddiv.o(x$fpl$ddiv)
    _ddiv                                    0x00006619   Thumb Code   552  ddiv.o(x$fpl$ddiv)
    __aeabi_cdcmpeq                          0x000068c9   Thumb Code     0  deqf.o(x$fpl$deqf)
    _dcmpeq                                  0x000068c9   Thumb Code   120  deqf.o(x$fpl$deqf)
    __aeabi_d2iz                             0x00006941   Thumb Code     0  dfix.o(x$fpl$dfix)
    _dfix                                    0x00006941   Thumb Code    94  dfix.o(x$fpl$dfix)
    __aeabi_d2uiz                            0x000069a1   Thumb Code     0  dfixu.o(x$fpl$dfixu)
    _dfixu                                   0x000069a1   Thumb Code    90  dfixu.o(x$fpl$dfixu)
    __aeabi_i2d                              0x000069fb   Thumb Code     0  dflt_clz.o(x$fpl$dflt)
    _dflt                                    0x000069fb   Thumb Code    46  dflt_clz.o(x$fpl$dflt)
    __aeabi_ui2d                             0x00006a29   Thumb Code     0  dflt_clz.o(x$fpl$dfltu)
    _dfltu                                   0x00006a29   Thumb Code    38  dflt_clz.o(x$fpl$dfltu)
    __aeabi_dmul                             0x00006a51   Thumb Code     0  dmul.o(x$fpl$dmul)
    _dmul                                    0x00006a51   Thumb Code   332  dmul.o(x$fpl$dmul)
    __fpl_dnaninf                            0x00006ba5   Thumb Code   156  dnaninf.o(x$fpl$dnaninf)
    __fpl_dretinf                            0x00006c41   Thumb Code    12  dretinf.o(x$fpl$dretinf)
    __aeabi_dsub                             0x00006c4d   Thumb Code     0  daddsub_clz.o(x$fpl$dsub)
    _dsub                                    0x00006c4d   Thumb Code   464  daddsub_clz.o(x$fpl$dsub)
    __aeabi_f2d                              0x00006e21   Thumb Code     0  f2d.o(x$fpl$f2d)
    _f2d                                     0x00006e21   Thumb Code    86  f2d.o(x$fpl$f2d)
    __fpl_fcmp_Inf                           0x00006e77   Thumb Code    24  fcmpi.o(x$fpl$fcmpinf)
    __aeabi_cfcmpeq                          0x00006e91   Thumb Code     0  feqf.o(x$fpl$feqf)
    _fcmpeq                                  0x00006e91   Thumb Code   104  feqf.o(x$fpl$feqf)
    __aeabi_cfcmple                          0x00006ef9   Thumb Code     0  fleqf.o(x$fpl$fleqf)
    _fcmple                                  0x00006ef9   Thumb Code   104  fleqf.o(x$fpl$fleqf)
    __fpl_fcmple_InfNaN                      0x00006f4b   Thumb Code     0  fleqf.o(x$fpl$fleqf)
    __fpl_fnaninf                            0x00006f61   Thumb Code   140  fnaninf.o(x$fpl$fnaninf)
    __fpl_fretinf                            0x00006fed   Thumb Code    10  fretinf.o(x$fpl$fretinf)
    __aeabi_cfrcmple                         0x00006ff7   Thumb Code     0  frleqf.o(x$fpl$frleqf)
    _frcmple                                 0x00006ff7   Thumb Code    98  frleqf.o(x$fpl$frleqf)
    led_mask                                 0x00007058   Data          32  funct_led.o(.constdata)
    freqs                                    0x00007078   Data          60  irq_adc.o(.constdata)
    Region$$Table$$Base                      0x000076a4   Number         0  anon$$obj.o(Region$$Table)
    Region$$Table$$Limit                     0x000076e4   Number         0  anon$$obj.o(Region$$Table)
    SystemFrequency                          0x10000000   Data           4  system_lpc17xx.o(.data)
    busy                                     0x10000004   Data           4  irq_rit.o(.data)
    pos                                      0x10000008   Data           4  irq_rit.o(.data)
    mov_en                                   0x1000000c   Data           4  irq_rit.o(.data)
    curr_state                               0x10000010   Data           4  irq_rit.o(.data)
    counter                                  0x10000014   Data           4  irq_rit.o(.data)
    select                                   0x10000018   Data           4  irq_rit.o(.data)
    em_mode                                  0x1000001c   Data           4  irq_rit.o(.data)
    maintenance                              0x10000020   Data           4  irq_rit.o(.data)
    down                                     0x10000024   Data           4  irq_rit.o(.data)
    t_en                                     0x10000028   Data           4  irq_rit.o(.data)
    display                                  0x1000002c   Data           4  touchpanel.o(.data)
    DisplaySample                            0x10000030   Data          12  touchpanel.o(.data)
    matrix                                   0x10000040   Data          56  touchpanel.o(.bss)
    ScreenSample                             0x10000078   Data          12  touchpanel.o(.bss)
    led_value                                0x2007c000   Data           1  lib_led.o(.data)
    up                                       0x2007c004   Data           4  irq_button.o(.data)
    dw                                       0x2007c008   Data           4  irq_button.o(.data)
    c0                                       0x2007c00c   Data           4  irq_timer.o(.data)
    c1                                       0x2007c010   Data           4  irq_timer.o(.data)
    acc                                      0x2007c014   Data           4  irq_timer.o(.data)
    message                                  0x2007c018   Data          30  irq_timer.o(.data)
    t                                        0x2007c038   Data           4  irq_timer.o(.data)
    tn                                       0x2007c03c   Data           8  irq_timer.o(.data)
    firstTouch                               0x2007c044   Data           8  irq_timer.o(.data)
    SinTable                                 0x2007c04c   Data          90  irq_timer.o(.data)
    AD_current                               0x2007c0ac   Data           2  irq_adc.o(.data)
    AD_last                                  0x2007c0ae   Data           2  irq_adc.o(.data)
    note                                     0x2007c0b0   Data         300  irq_adc.o(.data)
    tono                                     0x2007c1dc   Data           8  irq_adc.o(.data)
    last                                     0x2007c1e4   Data           4  irq_adc.o(.data)
    current                                  0x2007c1e8   Data           4  irq_adc.o(.data)
    msg                                      0x2007c200   Data          40  irq_adc.o(.bss)
    __libspace_start                         0x2007c228   Data          96  libspace.o(.bss)
    __temporary_stack_top$libspace           0x2007c288   Data           0  libspace.o(.bss)



==============================================================================

Memory Map of the image

  Image Entry point : 0x000000cd

  Load Region LR_IROM1 (Base: 0x00000000, Size: 0x00007924, Max: 0x00080000, ABSOLUTE, COMPRESSED[0x000077fc])

    Execution Region ER_IROM1 (Exec base: 0x00000000, Load base: 0x00000000, Size: 0x000076e4, Max: 0x00080000, ABSOLUTE)

    Exec Addr    Load Addr    Size         Type   Attr      Idx    E Section Name        Object

    0x00000000   0x00000000   0x000000cc   Data   RO            3    RESET               startup_lpc17xx.o
    0x000000cc   0x000000cc   0x00000008   Code   RO          670  * !!!main             c_w.l(__main.o)
    0x000000d4   0x000000d4   0x00000034   Code   RO          882    !!!scatter          c_w.l(__scatter.o)
    0x00000108   0x00000108   0x0000005a   Code   RO          880    !!dczerorl2         c_w.l(__dczerorl2.o)
    0x00000162   0x00000162   0x00000002   PAD
    0x00000164   0x00000164   0x0000001a   Code   RO          884    !!handler_copy      c_w.l(__scatter_copy.o)
    0x0000017e   0x0000017e   0x00000002   PAD
    0x00000180   0x00000180   0x0000001c   Code   RO          886    !!handler_zi        c_w.l(__scatter_zi.o)
    0x0000019c   0x0000019c   0x00000002   Code   RO          750    .ARM.Collect$$libinit$$00000000  c_w.l(libinit.o)
    0x0000019e   0x0000019e   0x00000000   Code   RO          757    .ARM.Collect$$libinit$$00000002  c_w.l(libinit2.o)
    0x0000019e   0x0000019e   0x00000000   Code   RO          759    .ARM.Collect$$libinit$$00000004  c_w.l(libinit2.o)
    0x0000019e   0x0000019e   0x00000000   Code   RO          762    .ARM.Collect$$libinit$$0000000A  c_w.l(libinit2.o)
    0x0000019e   0x0000019e   0x00000000   Code   RO          764    .ARM.Collect$$libinit$$0000000C  c_w.l(libinit2.o)
    0x0000019e   0x0000019e   0x00000000   Code   RO          766    .ARM.Collect$$libinit$$0000000E  c_w.l(libinit2.o)
    0x0000019e   0x0000019e   0x00000000   Code   RO          769    .ARM.Collect$$libinit$$00000011  c_w.l(libinit2.o)
    0x0000019e   0x0000019e   0x00000000   Code   RO          771    .ARM.Collect$$libinit$$00000013  c_w.l(libinit2.o)
    0x0000019e   0x0000019e   0x00000000   Code   RO          773    .ARM.Collect$$libinit$$00000015  c_w.l(libinit2.o)
    0x0000019e   0x0000019e   0x00000000   Code   RO          775    .ARM.Collect$$libinit$$00000017  c_w.l(libinit2.o)
    0x0000019e   0x0000019e   0x00000000   Code   RO          777    .ARM.Collect$$libinit$$00000019  c_w.l(libinit2.o)
    0x0000019e   0x0000019e   0x00000000   Code   RO          779    .ARM.Collect$$libinit$$0000001B  c_w.l(libinit2.o)
    0x0000019e   0x0000019e   0x00000000   Code   RO          781    .ARM.Collect$$libinit$$0000001D  c_w.l(libinit2.o)
    0x0000019e   0x0000019e   0x00000000   Code   RO          783    .ARM.Collect$$libinit$$0000001F  c_w.l(libinit2.o)
    0x0000019e   0x0000019e   0x00000000   Code   RO          785    .ARM.Collect$$libinit$$00000021  c_w.l(libinit2.o)
    0x0000019e   0x0000019e   0x00000000   Code   RO          787    .ARM.Collect$$libinit$$00000023  c_w.l(libinit2.o)
    0x0000019e   0x0000019e   0x00000000   Code   RO          789    .ARM.Collect$$libinit$$00000025  c_w.l(libinit2.o)
    0x0000019e   0x0000019e   0x00000000   Code   RO          793    .ARM.Collect$$libinit$$0000002C  c_w.l(libinit2.o)
    0x0000019e   0x0000019e   0x00000000   Code   RO          795    .ARM.Collect$$libinit$$0000002E  c_w.l(libinit2.o)
    0x0000019e   0x0000019e   0x00000000   Code   RO          797    .ARM.Collect$$libinit$$00000030  c_w.l(libinit2.o)
    0x0000019e   0x0000019e   0x00000000   Code   RO          799    .ARM.Collect$$libinit$$00000032  c_w.l(libinit2.o)
    0x0000019e   0x0000019e   0x00000002   Code   RO          800    .ARM.Collect$$libinit$$00000033  c_w.l(libinit2.o)
    0x000001a0   0x000001a0   0x00000002   Code   RO          820    .ARM.Collect$$libshutdown$$00000000  c_w.l(libshutdown.o)
    0x000001a2   0x000001a2   0x00000000   Code   RO          833    .ARM.Collect$$libshutdown$$00000002  c_w.l(libshutdown2.o)
    0x000001a2   0x000001a2   0x00000000   Code   RO          835    .ARM.Collect$$libshutdown$$00000004  c_w.l(libshutdown2.o)
    0x000001a2   0x000001a2   0x00000000   Code   RO          838    .ARM.Collect$$libshutdown$$00000007  c_w.l(libshutdown2.o)
    0x000001a2   0x000001a2   0x00000000   Code   RO          841    .ARM.Collect$$libshutdown$$0000000A  c_w.l(libshutdown2.o)
    0x000001a2   0x000001a2   0x00000000   Code   RO          843    .ARM.Collect$$libshutdown$$0000000C  c_w.l(libshutdown2.o)
    0x000001a2   0x000001a2   0x00000000   Code   RO          846    .ARM.Collect$$libshutdown$$0000000F  c_w.l(libshutdown2.o)
    0x000001a2   0x000001a2   0x00000002   Code   RO          847    .ARM.Collect$$libshutdown$$00000010  c_w.l(libshutdown2.o)
    0x000001a4   0x000001a4   0x00000000   Code   RO          710    .ARM.Collect$$rtentry$$00000000  c_w.l(__rtentry.o)
    0x000001a4   0x000001a4   0x00000000   Code   RO          727    .ARM.Collect$$rtentry$$00000002  c_w.l(__rtentry2.o)
    0x000001a4   0x000001a4   0x00000006   Code   RO          739    .ARM.Collect$$rtentry$$00000004  c_w.l(__rtentry4.o)
    0x000001aa   0x000001aa   0x00000000   Code   RO          729    .ARM.Collect$$rtentry$$00000009  c_w.l(__rtentry2.o)
    0x000001aa   0x000001aa   0x00000004   Code   RO          730    .ARM.Collect$$rtentry$$0000000A  c_w.l(__rtentry2.o)
    0x000001ae   0x000001ae   0x00000000   Code   RO          732    .ARM.Collect$$rtentry$$0000000C  c_w.l(__rtentry2.o)
    0x000001ae   0x000001ae   0x00000008   Code   RO          733    .ARM.Collect$$rtentry$$0000000D  c_w.l(__rtentry2.o)
    0x000001b6   0x000001b6   0x00000002   Code   RO          754    .ARM.Collect$$rtexit$$00000000  c_w.l(rtexit.o)
    0x000001b8   0x000001b8   0x00000000   Code   RO          802    .ARM.Collect$$rtexit$$00000002  c_w.l(rtexit2.o)
    0x000001b8   0x000001b8   0x00000004   Code   RO          803    .ARM.Collect$$rtexit$$00000003  c_w.l(rtexit2.o)
    0x000001bc   0x000001bc   0x00000006   Code   RO          804    .ARM.Collect$$rtexit$$00000004  c_w.l(rtexit2.o)
    0x000001c2   0x000001c2   0x00000002   PAD
    0x000001c4   0x000001c4   0x00000034   Code   RO            5    .text               startup_lpc17xx.o
    0x000001f8   0x000001f8   0x000000d4   Code   RO           16    .text               sample.o
    0x000002cc   0x000002cc   0x00000024   Code   RO          446    .text               lib_joystick.o
    0x000002f0   0x000002f0   0x00000006   Code   RO          668    .text               c_w.l(heapauxi.o)
    0x000002f6   0x000002f6   0x00000002   Code   RO          823    .text               c_w.l(use_no_semi.o)
    0x000002f8   0x000002f8   0x00000000   Code   RO          825    .text               c_w.l(indicate_semi.o)
    0x000002f8   0x000002f8   0x00000000   Code   RO          725    x$fpl$usenofp       fz_ws.l(usenofp.o)
    0x000002f8   0x000002f8   0x00000004   PAD
    0x000002fc   0x000002fc   0x00000004   Code   RO            4    .ARM.__at_0x02FC    startup_lpc17xx.o
    0x00000300   0x00000300   0x0000022c   Code   RO          106    .text               system_lpc17xx.o
    0x0000052c   0x0000052c   0x0000006c   Code   RO          140    .text               funct_led.o
    0x00000598   0x00000598   0x00000040   Code   RO          175    .text               lib_led.o
    0x000005d8   0x000005d8   0x000001d4   Code   RO          202    .text               irq_button.o
    0x000007ac   0x000007ac   0x000000d4   Code   RO          246    .text               lib_button.o
    0x00000880   0x00000880   0x00000664   Code   RO          274    .text               irq_timer.o
    0x00000ee4   0x00000ee4   0x0000013c   Code   RO          322    .text               lib_timer.o
    0x00001020   0x00001020   0x0000045c   Code   RO          350    .text               irq_rit.o
    0x0000147c   0x0000147c   0x00000094   Code   RO          394    .text               lib_rit.o
    0x00001510   0x00001510   0x00000264   Code   RO          470    .text               irq_adc.o
    0x00001774   0x00001774   0x00000078   Code   RO          513    .text               lib_adc.o
    0x000017ec   0x000017ec   0x00000038   Code   RO          537    .text               lib_dac.o
    0x00001824   0x00001824   0x00000020   Code   RO          561    .text               asciilib.o
    0x00001844   0x00001844   0x00004146   Code   RO          581    .text               glcd.o
    0x0000598a   0x0000598a   0x00000002   PAD
    0x0000598c   0x0000598c   0x0000088e   Code   RO          627    .text               touchpanel.o
    0x0000621a   0x0000621a   0x00000048   Code   RO          660    .text               c_w.l(strcpy.o)
    0x00006262   0x00006262   0x0000003e   Code   RO          662    .text               c_w.l(strlen.o)
    0x000062a0   0x000062a0   0x0000008a   Code   RO          664    .text               c_w.l(rt_memcpy_v6.o)
    0x0000632a   0x0000632a   0x0000004e   Code   RO          666    .text               c_w.l(rt_memclr_w.o)
    0x00006378   0x00006378   0x00000064   Code   RO          711    .text               c_w.l(rt_memcpy_w.o)
    0x000063dc   0x000063dc   0x0000004a   Code   RO          741    .text               c_w.l(sys_stackheap_outer.o)
    0x00006426   0x00006426   0x00000012   Code   RO          743    .text               c_w.l(exit.o)
    0x00006438   0x00006438   0x00000008   Code   RO          751    .text               c_w.l(libspace.o)
    0x00006440   0x00006440   0x0000000c   Code   RO          812    .text               c_w.l(sys_exit.o)
    0x0000644c   0x0000644c   0x00000062   Code   RO          672    x$fpl$d2f           fz_ws.l(d2f.o)
    0x000064ae   0x000064ae   0x00000002   PAD
    0x000064b0   0x000064b0   0x00000150   Code   RO          674    x$fpl$dadd          fz_ws.l(daddsub_clz.o)
    0x00006600   0x00006600   0x00000018   Code   RO          713    x$fpl$dcmpinf       fz_ws.l(dcmpi.o)
    0x00006618   0x00006618   0x000002b0   Code   RO          681    x$fpl$ddiv          fz_ws.l(ddiv.o)
    0x000068c8   0x000068c8   0x00000078   Code   RO          684    x$fpl$deqf          fz_ws.l(deqf.o)
    0x00006940   0x00006940   0x0000005e   Code   RO          686    x$fpl$dfix          fz_ws.l(dfix.o)
    0x0000699e   0x0000699e   0x00000002   PAD
    0x000069a0   0x000069a0   0x0000005a   Code   RO          690    x$fpl$dfixu         fz_ws.l(dfixu.o)
    0x000069fa   0x000069fa   0x0000002e   Code   RO          695    x$fpl$dflt          fz_ws.l(dflt_clz.o)
    0x00006a28   0x00006a28   0x00000026   Code   RO          694    x$fpl$dfltu         fz_ws.l(dflt_clz.o)
    0x00006a4e   0x00006a4e   0x00000002   PAD
    0x00006a50   0x00006a50   0x00000154   Code   RO          700    x$fpl$dmul          fz_ws.l(dmul.o)
    0x00006ba4   0x00006ba4   0x0000009c   Code   RO          715    x$fpl$dnaninf       fz_ws.l(dnaninf.o)
    0x00006c40   0x00006c40   0x0000000c   Code   RO          717    x$fpl$dretinf       fz_ws.l(dretinf.o)
    0x00006c4c   0x00006c4c   0x000001d4   Code   RO          676    x$fpl$dsub          fz_ws.l(daddsub_clz.o)
    0x00006e20   0x00006e20   0x00000056   Code   RO          702    x$fpl$f2d           fz_ws.l(f2d.o)
    0x00006e76   0x00006e76   0x00000018   Code   RO          719    x$fpl$fcmpinf       fz_ws.l(fcmpi.o)
    0x00006e8e   0x00006e8e   0x00000002   PAD
    0x00006e90   0x00006e90   0x00000068   Code   RO          704    x$fpl$feqf          fz_ws.l(feqf.o)
    0x00006ef8   0x00006ef8   0x00000068   Code   RO          706    x$fpl$fleqf         fz_ws.l(fleqf.o)
    0x00006f60   0x00006f60   0x0000008c   Code   RO          721    x$fpl$fnaninf       fz_ws.l(fnaninf.o)
    0x00006fec   0x00006fec   0x0000000a   Code   RO          723    x$fpl$fretinf       fz_ws.l(fretinf.o)
    0x00006ff6   0x00006ff6   0x00000062   Code   RO          708    x$fpl$frleqf        fz_ws.l(frleqf.o)
    0x00007058   0x00007058   0x00000020   Data   RO          141    .constdata          funct_led.o
    0x00007078   0x00007078   0x0000003c   Data   RO          472    .constdata          irq_adc.o
    0x000070b4   0x000070b4   0x000005f0   Data   RO          562    .constdata          asciilib.o
    0x000076a4   0x000076a4   0x00000040   Data   RO          878    Region$$Table       anon$$obj.o


    Execution Region RW_IRAM1 (Exec base: 0x10000000, Load base: 0x000076e4, Size: 0x00000288, Max: 0x00008000, ABSOLUTE)

    Exec Addr    Load Addr    Size         Type   Attr      Idx    E Section Name        Object

    0x10000000   0x000076e4   0x00000004   Data   RW          107    .data               system_lpc17xx.o
    0x10000004   0x000076e8   0x00000028   Data   RW          351    .data               irq_rit.o
    0x1000002c   0x00007710   0x00000014   Data   RW          629    .data               touchpanel.o
    0x10000040        -       0x00000044   Zero   RW          628    .bss                touchpanel.o
    0x10000084   0x00007724   0x00000004   PAD
    0x10000088        -       0x00000200   Zero   RW            1    STACK               startup_lpc17xx.o


    Execution Region RW_IRAM2 (Exec base: 0x2007c000, Load base: 0x00007724, Size: 0x00000288, Max: 0x00008000, ABSOLUTE, COMPRESSED[0x000000d8])

    Exec Addr    Load Addr    Size         Type   Attr      Idx    E Section Name        Object

    0x2007c000   COMPRESSED   0x00000001   Data   RW          176    .data               lib_led.o
    0x2007c001   COMPRESSED   0x00000003   PAD
    0x2007c004   COMPRESSED   0x00000008   Data   RW          203    .data               irq_button.o
    0x2007c00c   COMPRESSED   0x000000a0   Data   RW          275    .data               irq_timer.o
    0x2007c0ac   COMPRESSED   0x00000150   Data   RW          473    .data               irq_adc.o
    0x2007c1fc   COMPRESSED   0x00000001   Data   RW          582    .data               glcd.o
    0x2007c1fd   COMPRESSED   0x00000003   PAD
    0x2007c200        -       0x00000028   Zero   RW          471    .bss                irq_adc.o
    0x2007c228        -       0x00000060   Zero   RW          752    .bss                c_w.l(libspace.o)
    0x2007c288        -       0x00000000   Zero   RW            2    HEAP                startup_lpc17xx.o


==============================================================================

Image component sizes


      Code (inc. data)   RO Data    RW Data    ZI Data      Debug   Object Name

        32          6       1520          0          0       1099   asciilib.o
       108         14         32          0          0      18384   funct_led.o
     16710        106          0          1          0      40588   glcd.o
       612         88         60        336         40       1960   irq_adc.o
       468         48          0          8          0       1433   irq_button.o
      1116         84          0         40          0       2209   irq_rit.o
      1636        224          0        160          0       3157   irq_timer.o
       120         16          0          0          0        863   lib_adc.o
       212         22          0          0          0        954   lib_button.o
        56         14          0          0          0        559   lib_dac.o
        36         10          0          0          0        452   lib_joystick.o
        64         14          0          1          0        778   lib_led.o
       148         14          0          0          0      27495   lib_rit.o
       316         14          0          0          0       1580   lib_timer.o
       212         26          0          0          0      48482   sample.o
        56         22        204          0        512       1056   startup_lpc17xx.o
       556         30          0          4          0        863   system_lpc17xx.o
      2190         76          0         20         68       6117   touchpanel.o

    ----------------------------------------------------------------------
     24650        828       1880        576        624     158029   Object Totals
         0          0         64          0          0          0   (incl. Generated)
         2          0          0          6          4          0   (incl. Padding)

    ----------------------------------------------------------------------

      Code (inc. data)   RO Data    RW Data    ZI Data      Debug   Library Member Name

        90          0          0          0          0          0   __dczerorl2.o
         8          0          0          0          0         68   __main.o
         0          0          0          0          0          0   __rtentry.o
        12          0          0          0          0          0   __rtentry2.o
         6          0          0          0          0          0   __rtentry4.o
        52          8          0          0          0          0   __scatter.o
        26          0          0          0          0          0   __scatter_copy.o
        28          0          0          0          0          0   __scatter_zi.o
        18          0          0          0          0         80   exit.o
         6          0          0          0          0        152   heapauxi.o
         0          0          0          0          0          0   indicate_semi.o
         2          0          0          0          0          0   libinit.o
         2          0          0          0          0          0   libinit2.o
         2          0          0          0          0          0   libshutdown.o
         2          0          0          0          0          0   libshutdown2.o
         8          4          0          0         96         68   libspace.o
        78          0          0          0          0         80   rt_memclr_w.o
       138          0          0          0          0         68   rt_memcpy_v6.o
       100          0          0          0          0         80   rt_memcpy_w.o
         2          0          0          0          0          0   rtexit.o
        10          0          0          0          0          0   rtexit2.o
        72          0          0          0          0         80   strcpy.o
        62          0          0          0          0         76   strlen.o
        12          4          0          0          0         68   sys_exit.o
        74          0          0          0          0         80   sys_stackheap_outer.o
         2          0          0          0          0         68   use_no_semi.o
        98          4          0          0          0         92   d2f.o
       804         16          0          0          0        272   daddsub_clz.o
        24          0          0          0          0         68   dcmpi.o
       688        140          0          0          0        208   ddiv.o
       120          4          0          0          0         92   deqf.o
        94          4          0          0          0         92   dfix.o
        90          4          0          0          0         92   dfixu.o
        84          0          0          0          0        136   dflt_clz.o
       340         12          0          0          0        104   dmul.o
       156          4          0          0          0         92   dnaninf.o
        12          0          0          0          0         68   dretinf.o
        86          4          0          0          0         84   f2d.o
        24          0          0          0          0         68   fcmpi.o
       104          4          0          0          0         84   feqf.o
       104          4          0          0          0         84   fleqf.o
       140          4          0          0          0         84   fnaninf.o
        10          0          0          0          0         68   fretinf.o
        98          0          0          0          0         68   frleqf.o
         0          0          0          0          0          0   usenofp.o

    ----------------------------------------------------------------------
      3906        220          0          0         96       2824   Library Totals
        18          0          0          0          0          0   (incl. Padding)

    ----------------------------------------------------------------------

      Code (inc. data)   RO Data    RW Data    ZI Data      Debug   Library Name

       812         16          0          0         96        968   c_w.l
      3076        204          0          0          0       1856   fz_ws.l

    ----------------------------------------------------------------------
      3906        220          0          0         96       2824   Library Totals

    ----------------------------------------------------------------------

==============================================================================


      Code (inc. data)   RO Data    RW Data    ZI Data      Debug   

     28556       1048       1880        576        720     158473   Grand Totals
     28556       1048       1880        280        720     158473   ELF Image Totals (compressed)
     28556       1048       1880        280          0          0   ROM Totals

==============================================================================

    Total RO  Size (Code + RO Data)                30436 (  29.72kB)
    Total RW  Size (RW Data + ZI Data)              1296 (   1.27kB)
    Total ROM Size (Code + RO Data + RW Data)      30716 (  30.00kB)

==============================================================================

